Archive member included to satisfy reference by file (symbol)

/home/user/Ac6/SystemWorkbench/plugins/fr.ac6.mcu.externaltools.arm-none.linux64_1.15.0.201708311556/tools/compiler/bin/../lib/gcc/arm-none-eabi/6.3.1/../../../../arm-none-eabi/lib/thumb/v7-m/libm.a(lib_a-s_cos.o)
                              Drivers/1_Audio/STM32F10x_Speex_Lib/libspeex/smallft.o (cos)
/home/user/Ac6/SystemWorkbench/plugins/fr.ac6.mcu.externaltools.arm-none.linux64_1.15.0.201708311556/tools/compiler/bin/../lib/gcc/arm-none-eabi/6.3.1/../../../../arm-none-eabi/lib/thumb/v7-m/libm.a(lib_a-s_floor.o)
                              Drivers/1_Audio/STM32F10x_Speex_Lib/libspeex/fftwrap.o (floor)
/home/user/Ac6/SystemWorkbench/plugins/fr.ac6.mcu.externaltools.arm-none.linux64_1.15.0.201708311556/tools/compiler/bin/../lib/gcc/arm-none-eabi/6.3.1/../../../../arm-none-eabi/lib/thumb/v7-m/libm.a(lib_a-s_sin.o)
                              Drivers/1_Audio/STM32F10x_Speex_Lib/libspeex/resample.o (sin)
/home/user/Ac6/SystemWorkbench/plugins/fr.ac6.mcu.externaltools.arm-none.linux64_1.15.0.201708311556/tools/compiler/bin/../lib/gcc/arm-none-eabi/6.3.1/../../../../arm-none-eabi/lib/thumb/v7-m/libm.a(lib_a-e_rem_pio2.o)
                              /home/user/Ac6/SystemWorkbench/plugins/fr.ac6.mcu.externaltools.arm-none.linux64_1.15.0.201708311556/tools/compiler/bin/../lib/gcc/arm-none-eabi/6.3.1/../../../../arm-none-eabi/lib/thumb/v7-m/libm.a(lib_a-s_cos.o) (__ieee754_rem_pio2)
/home/user/Ac6/SystemWorkbench/plugins/fr.ac6.mcu.externaltools.arm-none.linux64_1.15.0.201708311556/tools/compiler/bin/../lib/gcc/arm-none-eabi/6.3.1/../../../../arm-none-eabi/lib/thumb/v7-m/libm.a(lib_a-k_cos.o)
                              /home/user/Ac6/SystemWorkbench/plugins/fr.ac6.mcu.externaltools.arm-none.linux64_1.15.0.201708311556/tools/compiler/bin/../lib/gcc/arm-none-eabi/6.3.1/../../../../arm-none-eabi/lib/thumb/v7-m/libm.a(lib_a-s_cos.o) (__kernel_cos)
/home/user/Ac6/SystemWorkbench/plugins/fr.ac6.mcu.externaltools.arm-none.linux64_1.15.0.201708311556/tools/compiler/bin/../lib/gcc/arm-none-eabi/6.3.1/../../../../arm-none-eabi/lib/thumb/v7-m/libm.a(lib_a-k_rem_pio2.o)
                              /home/user/Ac6/SystemWorkbench/plugins/fr.ac6.mcu.externaltools.arm-none.linux64_1.15.0.201708311556/tools/compiler/bin/../lib/gcc/arm-none-eabi/6.3.1/../../../../arm-none-eabi/lib/thumb/v7-m/libm.a(lib_a-e_rem_pio2.o) (__kernel_rem_pio2)
/home/user/Ac6/SystemWorkbench/plugins/fr.ac6.mcu.externaltools.arm-none.linux64_1.15.0.201708311556/tools/compiler/bin/../lib/gcc/arm-none-eabi/6.3.1/../../../../arm-none-eabi/lib/thumb/v7-m/libm.a(lib_a-k_sin.o)
                              /home/user/Ac6/SystemWorkbench/plugins/fr.ac6.mcu.externaltools.arm-none.linux64_1.15.0.201708311556/tools/compiler/bin/../lib/gcc/arm-none-eabi/6.3.1/../../../../arm-none-eabi/lib/thumb/v7-m/libm.a(lib_a-s_cos.o) (__kernel_sin)
/home/user/Ac6/SystemWorkbench/plugins/fr.ac6.mcu.externaltools.arm-none.linux64_1.15.0.201708311556/tools/compiler/bin/../lib/gcc/arm-none-eabi/6.3.1/../../../../arm-none-eabi/lib/thumb/v7-m/libm.a(lib_a-s_fabs.o)
                              /home/user/Ac6/SystemWorkbench/plugins/fr.ac6.mcu.externaltools.arm-none.linux64_1.15.0.201708311556/tools/compiler/bin/../lib/gcc/arm-none-eabi/6.3.1/../../../../arm-none-eabi/lib/thumb/v7-m/libm.a(lib_a-e_rem_pio2.o) (fabs)
/home/user/Ac6/SystemWorkbench/plugins/fr.ac6.mcu.externaltools.arm-none.linux64_1.15.0.201708311556/tools/compiler/bin/../lib/gcc/arm-none-eabi/6.3.1/../../../../arm-none-eabi/lib/thumb/v7-m/libm.a(lib_a-s_scalbn.o)
                              /home/user/Ac6/SystemWorkbench/plugins/fr.ac6.mcu.externaltools.arm-none.linux64_1.15.0.201708311556/tools/compiler/bin/../lib/gcc/arm-none-eabi/6.3.1/../../../../arm-none-eabi/lib/thumb/v7-m/libm.a(lib_a-k_rem_pio2.o) (scalbn)
/home/user/Ac6/SystemWorkbench/plugins/fr.ac6.mcu.externaltools.arm-none.linux64_1.15.0.201708311556/tools/compiler/bin/../lib/gcc/arm-none-eabi/6.3.1/../../../../arm-none-eabi/lib/thumb/v7-m/libm.a(lib_a-s_copysign.o)
                              /home/user/Ac6/SystemWorkbench/plugins/fr.ac6.mcu.externaltools.arm-none.linux64_1.15.0.201708311556/tools/compiler/bin/../lib/gcc/arm-none-eabi/6.3.1/../../../../arm-none-eabi/lib/thumb/v7-m/libm.a(lib_a-s_scalbn.o) (copysign)
/home/user/Ac6/SystemWorkbench/plugins/fr.ac6.mcu.externaltools.arm-none.linux64_1.15.0.201708311556/tools/compiler/bin/../lib/gcc/arm-none-eabi/6.3.1/thumb/v7-m/libgcc.a(_arm_addsubdf3.o)
                              Drivers/1_Audio/STM32F10x_Speex_Lib/libspeex/resample.o (__aeabi_dsub)
/home/user/Ac6/SystemWorkbench/plugins/fr.ac6.mcu.externaltools.arm-none.linux64_1.15.0.201708311556/tools/compiler/bin/../lib/gcc/arm-none-eabi/6.3.1/thumb/v7-m/libgcc.a(_arm_muldivdf3.o)
                              Drivers/1_Audio/STM32F10x_Speex_Lib/libspeex/resample.o (__aeabi_dmul)
[...]
Memory Configuration

Name             Origin             Length             Attributes
RAM              0x0000000020000000 0x0000000000010000 xrw
FLASH            0x0000000008000000 0x0000000000080000 xr
*default*        0x0000000000000000 0xffffffffffffffff

Linker script and memory map

LOAD /home/user/Ac6/SystemWorkbench/plugins/fr.ac6.mcu.externaltools.arm-none.linux64_1.15.0.201708311556/tools/compiler/bin/../lib/gcc/arm-none-eabi/6.3.1/thumb/v7-m/crti.o
LOAD /home/user/Ac6/SystemWorkbench/plugins/fr.ac6.mcu.externaltools.arm-none.linux64_1.15.0.201708311556/tools/compiler/bin/../lib/gcc/arm-none-eabi/6.3.1/thumb/v7-m/crtbegin.o
LOAD /home/user/Ac6/SystemWorkbench/plugins/fr.ac6.mcu.externaltools.arm-none.linux64_1.15.0.201708311556/tools/compiler/bin/../lib/gcc/arm-none-eabi/6.3.1/../../../../arm-none-eabi/lib/thumb/v7-m/crt0.o
LOAD Drivers/1_Audio/STM32F10x_Speex_Lib/STM32/libspeex/cb_search.o
LOAD Drivers/1_Audio/STM32F10x_Speex_Lib/STM32/libspeex/filters.o
LOAD Drivers/1_Audio/STM32F10x_Speex_Lib/STM32/libspeex/ltp.o
LOAD Drivers/1_Audio/STM32F10x_Speex_Lib/STM32/libspeex/modes.o
LOAD Drivers/1_Audio/STM32F10x_Speex_Lib/STM32/libspeex/nb_celp.o
LOAD Drivers/1_Audio/STM32F10x_Speex_Lib/STM32/libspeex/quant_lsp.o
LOAD Drivers/1_Audio/STM32F10x_Speex_Lib/STM32/libspeex/vq.o
LOAD Drivers/1_Audio/STM32F10x_Speex_Lib/STM32/libspeex/gcc/filters_cortexM3.o
LOAD Drivers/1_Audio/STM32F10x_Speex_Lib/STM32/libspeex/gcc/ltp_cortexM3.o
LOAD Drivers/1_Audio/STM32F10x_Speex_Lib/STM32/libspeex/gcc/vq_cortexm3.o
LOAD Drivers/1_Audio/STM32F10x_Speex_Lib/libspeex/bits.o
LOAD Drivers/1_Audio/STM32F10x_Speex_Lib/libspeex/buffer.o
LOAD Drivers/1_Audio/STM32F10x_Speex_Lib/libspeex/exc_10_16_table.o
LOAD Drivers/1_Audio/STM32F10x_Speex_Lib/libspeex/exc_10_32_table.o
LOAD Drivers/1_Audio/STM32F10x_Speex_Lib/libspeex/exc_20_32_table.o
LOAD Drivers/1_Audio/STM32F10x_Speex_Lib/libspeex/exc_5_256_table.o
LOAD Drivers/1_Audio/STM32F10x_Speex_Lib/libspeex/exc_5_64_table.o
LOAD Drivers/1_Audio/STM32F10x_Speex_Lib/libspeex/exc_8_128_table.o
LOAD Drivers/1_Audio/STM32F10x_Speex_Lib/libspeex/fftwrap.o
LOAD Drivers/1_Audio/STM32F10x_Speex_Lib/libspeex/filterbank.o
LOAD Drivers/1_Audio/STM32F10x_Speex_Lib/libspeex/gain_table.o
LOAD Drivers/1_Audio/STM32F10x_Speex_Lib/libspeex/gain_table_lbr.o
LOAD Drivers/1_Audio/STM32F10x_Speex_Lib/libspeex/hexc_10_32_table.o
LOAD Drivers/1_Audio/STM32F10x_Speex_Lib/libspeex/hexc_table.o
LOAD Drivers/1_Audio/STM32F10x_Speex_Lib/libspeex/high_lsp_tables.o
LOAD Drivers/1_Audio/STM32F10x_Speex_Lib/libspeex/jitter.o
LOAD Drivers/1_Audio/STM32F10x_Speex_Lib/libspeex/kiss_fft.o
LOAD Drivers/1_Audio/STM32F10x_Speex_Lib/libspeex/kiss_fftr.o
LOAD Drivers/1_Audio/STM32F10x_Speex_Lib/libspeex/lpc.o
LOAD Drivers/1_Audio/STM32F10x_Speex_Lib/libspeex/lsp.o
LOAD Drivers/1_Audio/STM32F10x_Speex_Lib/libspeex/lsp_tables_nb.o
LOAD Drivers/1_Audio/STM32F10x_Speex_Lib/libspeex/mdf.o
LOAD Drivers/1_Audio/STM32F10x_Speex_Lib/libspeex/modes_wb.o
LOAD Drivers/1_Audio/STM32F10x_Speex_Lib/libspeex/preprocess.o
LOAD Drivers/1_Audio/STM32F10x_Speex_Lib/libspeex/resample.o
LOAD Drivers/1_Audio/STM32F10x_Speex_Lib/libspeex/sb_celp.o
LOAD Drivers/1_Audio/STM32F10x_Speex_Lib/libspeex/smallft.o
LOAD Drivers/1_Audio/STM32F10x_Speex_Lib/libspeex/speex.o
LOAD Drivers/1_Audio/STM32F10x_Speex_Lib/libspeex/speex_callbacks.o
LOAD Drivers/1_Audio/STM32F10x_Speex_Lib/libspeex/speex_header.o
LOAD Drivers/1_Audio/STM32F10x_Speex_Lib/libspeex/stereo.o
LOAD Drivers/1_Audio/STM32F10x_Speex_Lib/libspeex/vbr.o
LOAD Drivers/1_Audio/STM32F10x_Speex_Lib/libspeex/window.o
LOAD Drivers/1_Audio/audio.o
LOAD Drivers/2_LCD for STM32F103RET/tm_stm32_hd44780.o
LOAD Drivers/3_LedMatrix/max7219.o
LOAD Drivers/4_WS2812B/ws2812b.o
LOAD Drivers/5_Update/conspeex.o
LOAD Drivers/6_OtherFunctions/otherFunctions.o
LOAD Drivers/STM32F1xx_HAL_Driver/Src/stm32f1xx_hal.o
LOAD Drivers/STM32F1xx_HAL_Driver/Src/stm32f1xx_hal_cortex.o
LOAD Drivers/STM32F1xx_HAL_Driver/Src/stm32f1xx_hal_dac.o
LOAD Drivers/STM32F1xx_HAL_Driver/Src/stm32f1xx_hal_dac_ex.o
LOAD Drivers/STM32F1xx_HAL_Driver/Src/stm32f1xx_hal_dma.o
LOAD Drivers/STM32F1xx_HAL_Driver/Src/stm32f1xx_hal_flash.o
LOAD Drivers/STM32F1xx_HAL_Driver/Src/stm32f1xx_hal_flash_ex.o
LOAD Drivers/STM32F1xx_HAL_Driver/Src/stm32f1xx_hal_gpio.o
LOAD Drivers/STM32F1xx_HAL_Driver/Src/stm32f1xx_hal_gpio_ex.o
LOAD Drivers/STM32F1xx_HAL_Driver/Src/stm32f1xx_hal_pwr.o
LOAD Drivers/STM32F1xx_HAL_Driver/Src/stm32f1xx_hal_rcc.o
LOAD Drivers/STM32F1xx_HAL_Driver/Src/stm32f1xx_hal_rcc_ex.o
LOAD Drivers/STM32F1xx_HAL_Driver/Src/stm32f1xx_hal_spi.o
LOAD Drivers/STM32F1xx_HAL_Driver/Src/stm32f1xx_hal_spi_ex.o
LOAD Drivers/STM32F1xx_HAL_Driver/Src/stm32f1xx_hal_tim.o
LOAD Drivers/STM32F1xx_HAL_Driver/Src/stm32f1xx_hal_tim_ex.o
LOAD Drivers/STM32F1xx_HAL_Driver/Src/stm32f1xx_hal_uart.o
LOAD Middlewares/Third_Party/FreeRTOS/Source/CMSIS_RTOS/cmsis_os.o
LOAD Middlewares/Third_Party/FreeRTOS/Source/croutine.o
LOAD Middlewares/Third_Party/FreeRTOS/Source/event_groups.o
LOAD Middlewares/Third_Party/FreeRTOS/Source/list.o
LOAD Middlewares/Third_Party/FreeRTOS/Source/queue.o
LOAD Middlewares/Third_Party/FreeRTOS/Source/tasks.o
LOAD Middlewares/Third_Party/FreeRTOS/Source/timers.o
LOAD Middlewares/Third_Party/FreeRTOS/Source/portable/GCC/ARM_CM3/port.o
LOAD Middlewares/Third_Party/FreeRTOS/Source/portable/MemMang/heap_1.o
LOAD Src/dac.o
LOAD Src/dma.o
LOAD Src/freertos.o
LOAD Src/gpio.o
LOAD Src/main.o
LOAD Src/spi.o
LOAD Src/stm32f1xx_hal_msp.o
LOAD Src/stm32f1xx_hal_timebase_TIM.o
LOAD Src/stm32f1xx_it.o
LOAD Src/system_stm32f1xx.o
LOAD Src/tim.o
LOAD Src/usart.o
LOAD startup/startup_stm32f103xe.o
LOAD /home/user/Ac6/SystemWorkbench/plugins/fr.ac6.mcu.externaltools.arm-none.linux64_1.15.0.201708311556/tools/compiler/bin/../lib/gcc/arm-none-eabi/6.3.1/../../../../arm-none-eabi/lib/thumb/v7-m/libm.a
START GROUP
LOAD /home/user/Ac6/SystemWorkbench/plugins/fr.ac6.mcu.externaltools.arm-none.linux64_1.15.0.201708311556/tools/compiler/bin/../lib/gcc/arm-none-eabi/6.3.1/thumb/v7-m/libgcc.a
LOAD /home/user/Ac6/SystemWorkbench/plugins/fr.ac6.mcu.externaltools.arm-none.linux64_1.15.0.201708311556/tools/compiler/bin/../lib/gcc/arm-none-eabi/6.3.1/../../../../arm-none-eabi/lib/thumb/v7-m/libc_nano.a
END GROUP
START GROUP
LOAD /home/user/Ac6/SystemWorkbench/plugins/fr.ac6.mcu.externaltools.arm-none.linux64_1.15.0.201708311556/tools/compiler/bin/../lib/gcc/arm-none-eabi/6.3.1/thumb/v7-m/libgcc.a
LOAD /home/user/Ac6/SystemWorkbench/plugins/fr.ac6.mcu.externaltools.arm-none.linux64_1.15.0.201708311556/tools/compiler/bin/../lib/gcc/arm-none-eabi/6.3.1/../../../../arm-none-eabi/lib/thumb/v7-m/libc_nano.a
LOAD /home/user/Ac6/SystemWorkbench/plugins/fr.ac6.mcu.externaltools.arm-none.linux64_1.15.0.201708311556/tools/compiler/bin/../lib/gcc/arm-none-eabi/6.3.1/../../../../arm-none-eabi/lib/thumb/v7-m/libnosys.a
END GROUP
START GROUP
LOAD /home/user/Ac6/SystemWorkbench/plugins/fr.ac6.mcu.externaltools.arm-none.linux64_1.15.0.201708311556/tools/compiler/bin/../lib/gcc/arm-none-eabi/6.3.1/thumb/v7-m/libgcc.a
LOAD /home/user/Ac6/SystemWorkbench/plugins/fr.ac6.mcu.externaltools.arm-none.linux64_1.15.0.201708311556/tools/compiler/bin/../lib/gcc/arm-none-eabi/6.3.1/../../../../arm-none-eabi/lib/thumb/v7-m/libc_nano.a
LOAD /home/user/Ac6/SystemWorkbench/plugins/fr.ac6.mcu.externaltools.arm-none.linux64_1.15.0.201708311556/tools/compiler/bin/../lib/gcc/arm-none-eabi/6.3.1/../../../../arm-none-eabi/lib/thumb/v7-m/libnosys.a
END GROUP
LOAD /home/user/Ac6/SystemWorkbench/plugins/fr.ac6.mcu.externaltools.arm-none.linux64_1.15.0.201708311556/tools/compiler/bin/../lib/gcc/arm-none-eabi/6.3.1/thumb/v7-m/crtend.o
LOAD /home/user/Ac6/SystemWorkbench/plugins/fr.ac6.mcu.externaltools.arm-none.linux64_1.15.0.201708311556/tools/compiler/bin/../lib/gcc/arm-none-eabi/6.3.1/thumb/v7-m/crtn.o
                0x0000000020010000                _estack = 0x20010000
                0x0000000000002000                _Min_Heap_Size = 0x2000
                0x0000000000004000                _Min_Stack_Size = 0x4000

.isr_vector     0x0000000008000000      0x1e4
                0x0000000008000000                . = ALIGN (0x4)
 *(.isr_vector)
 .isr_vector    0x0000000008000000      0x1e4 startup/startup_stm32f103xe.o
                0x0000000008000000                g_pfnVectors
                0x00000000080001e4                . = ALIGN (0x4)

.text           0x00000000080001f0     0xcb48
                0x00000000080001f0                . = ALIGN (0x4)
 *(.text)
 .text          0x00000000080001f0       0x6c /home/user/Ac6/SystemWorkbench/plugins/fr.ac6.mcu.externaltools.arm-none.linux64_1.15.0.201708311556/tools/compiler/bin/../lib/gcc/arm-none-eabi/6.3.1/thumb/v7-m/crtbegin.o
 .text          0x000000000800025c      0x2b4 Drivers/1_Audio/STM32F10x_Speex_Lib/STM32/libspeex/gcc/filters_cortexM3.o
                0x000000000800025c                filter_mem16
                0x0000000008000382                iir_mem16
                0x000000000800044c                fir_mem16
 .text          0x0000000008000510      0x23e Drivers/1_Audio/STM32F10x_Speex_Lib/STM32/libspeex/gcc/ltp_cortexM3.o
                0x0000000008000510                inner_prod
 .text          0x000000000800074e       0xaa Drivers/1_Audio/STM32F10x_Speex_Lib/STM32/libspeex/gcc/vq_cortexm3.o
                0x000000000800074e                vq_nbest
 *(.text*)
 .text.split_cb_search_shape_sign
                0x00000000080007f8      0x46c Drivers/1_Audio/STM32F10x_Speex_Lib/STM32/libspeex/cb_search.o
                0x00000000080007f8                split_cb_search_shape_sign
 .text.split_cb_shape_sign_unquant
                0x0000000008000c64       0xd0 Drivers/1_Audio/STM32F10x_Speex_Lib/STM32/libspeex/cb_search.o
                0x0000000008000c64                split_cb_shape_sign_unquant
 .text.noise_codebook_quant
                0x0000000008000d34       0x56 Drivers/1_Audio/STM32F10x_Speex_Lib/STM32/libspeex/cb_search.o
                0x0000000008000d34                noise_codebook_quant
 .text.compute_impulse_response
                0x0000000008000d8a      0x34a Drivers/1_Audio/STM32F10x_Speex_Lib/STM32/libspeex/filters.o
                0x0000000008000d8a                compute_impulse_response
 .text.bw_lpc   0x00000000080010d4       0x30 Drivers/1_Audio/STM32F10x_Speex_Lib/STM32/libspeex/filters.o
                0x00000000080010d4                bw_lpc
 .text.sanitize_values32
                0x0000000008001104       0x34 Drivers/1_Audio/STM32F10x_Speex_Lib/STM32/libspeex/filters.o
                0x0000000008001104                sanitize_values32
 .text.highpass
                0x0000000008001138      0x108 Drivers/1_Audio/STM32F10x_Speex_Lib/STM32/libspeex/filters.o
                0x0000000008001138                highpass
 .text.signal_mul
                0x0000000008001240       0x30 Drivers/1_Audio/STM32F10x_Speex_Lib/STM32/libspeex/filters.o
                0x0000000008001240                signal_mul
 .text.signal_div
                0x0000000008001270       0xaa Drivers/1_Audio/STM32F10x_Speex_Lib/STM32/libspeex/filters.o
                0x0000000008001270                signal_div
 .text.compute_rms
                0x000000000800131a      0x10a Drivers/1_Audio/STM32F10x_Speex_Lib/STM32/libspeex/filters.o
                0x000000000800131a                compute_rms
 .text.compute_rms16
                0x0000000008001424      0x1de Drivers/1_Audio/STM32F10x_Speex_Lib/STM32/libspeex/filters.o
                0x0000000008001424                compute_rms16
 .text.normalize16
                0x0000000008001602       0x48 Drivers/1_Audio/STM32F10x_Speex_Lib/STM32/libspeex/filters.o
                0x0000000008001602                normalize16
 .text.residue_percep_zero16
                0x000000000800164a       0x66 Drivers/1_Audio/STM32F10x_Speex_Lib/STM32/libspeex/filters.o
                0x000000000800164a                residue_percep_zero16
 .text.interp_pitch
                0x00000000080016b0      0x174 Drivers/1_Audio/STM32F10x_Speex_Lib/STM32/libspeex/filters.o
                0x00000000080016b0                interp_pitch
 .text.multicomb
                0x0000000008001824      0x4bc Drivers/1_Audio/STM32F10x_Speex_Lib/STM32/libspeex/filters.o
                0x0000000008001824                multicomb
 .text.pitch_gain_search_3tap_vq
                0x0000000008001ce0      0x14c Drivers/1_Audio/STM32F10x_Speex_Lib/STM32/libspeex/ltp.o
                0x0000000008001ce0                pitch_gain_search_3tap_vq
 .text.pitch_gain_search_3tap
                0x0000000008001e2c      0x438 Drivers/1_Audio/STM32F10x_Speex_Lib/STM32/libspeex/ltp.o
 .text.pitch_xcorr
                0x0000000008002264       0x30 Drivers/1_Audio/STM32F10x_Speex_Lib/STM32/libspeex/ltp.o
                0x0000000008002264                pitch_xcorr
 .text.open_loop_nbest_pitch
                0x0000000008002294      0x404 Drivers/1_Audio/STM32F10x_Speex_Lib/STM32/libspeex/ltp.o
                0x0000000008002294                open_loop_nbest_pitch
 .text.pitch_search_3tap
                0x0000000008002698      0x26a Drivers/1_Audio/STM32F10x_Speex_Lib/STM32/libspeex/ltp.o
                0x0000000008002698                pitch_search_3tap
 .text.pitch_unquant_3tap
                0x0000000008002902      0x1be Drivers/1_Audio/STM32F10x_Speex_Lib/STM32/libspeex/ltp.o
                0x0000000008002902                pitch_unquant_3tap
 .text.nb_decode_lost
                0x0000000008002ac0      0x1a4 Drivers/1_Audio/STM32F10x_Speex_Lib/STM32/libspeex/nb_celp.o
 .text.nb_encoder_init
                0x0000000008002c64      0x180 Drivers/1_Audio/STM32F10x_Speex_Lib/STM32/libspeex/nb_celp.o
                0x0000000008002c64                nb_encoder_init
 .text.nb_encoder_destroy
                0x0000000008002de4       0x5c Drivers/1_Audio/STM32F10x_Speex_Lib/STM32/libspeex/nb_celp.o
                0x0000000008002de4                nb_encoder_destroy
 .text.nb_encode
                0x0000000008002e40      0x9c8 Drivers/1_Audio/STM32F10x_Speex_Lib/STM32/libspeex/nb_celp.o
                0x0000000008002e40                nb_encode
 .text.nb_decoder_init
                0x0000000008003808      0x130 Drivers/1_Audio/STM32F10x_Speex_Lib/STM32/libspeex/nb_celp.o
                0x0000000008003808                nb_decoder_init
 .text.nb_decoder_destroy
                0x0000000008003938       0x30 Drivers/1_Audio/STM32F10x_Speex_Lib/STM32/libspeex/nb_celp.o
                0x0000000008003938                nb_decoder_destroy
 .text.nb_decode
                0x0000000008003968      0xadc Drivers/1_Audio/STM32F10x_Speex_Lib/STM32/libspeex/nb_celp.o
                0x0000000008003968                nb_decode
 .text.nb_encoder_ctl
                0x0000000008004444      0x30c Drivers/1_Audio/STM32F10x_Speex_Lib/STM32/libspeex/nb_celp.o
                0x0000000008004444                nb_encoder_ctl
 .text.nb_decoder_ctl
                0x0000000008004750      0x25a Drivers/1_Audio/STM32F10x_Speex_Lib/STM32/libspeex/nb_celp.o
                0x0000000008004750                nb_decoder_ctl
 *fill*         0x00000000080049aa        0x2 
 .text.lsp_quant_lbr
                0x00000000080049ac      0x280 Drivers/1_Audio/STM32F10x_Speex_Lib/STM32/libspeex/quant_lsp.o
                0x00000000080049ac                lsp_quant_lbr
 .text.lsp_unquant_lbr
                0x0000000008004c2c       0xac Drivers/1_Audio/STM32F10x_Speex_Lib/STM32/libspeex/quant_lsp.o
                0x0000000008004c2c                lsp_unquant_lbr
 .text.scal_quant
                0x0000000008004cd8       0x1e Drivers/1_Audio/STM32F10x_Speex_Lib/STM32/libspeex/vq.o
                0x0000000008004cd8                scal_quant
 .text.scal_quant32
                0x0000000008004cf6       0x1c Drivers/1_Audio/STM32F10x_Speex_Lib/STM32/libspeex/vq.o
                0x0000000008004cf6                scal_quant32
 .text.speex_bits_reset
                0x0000000008004d12       0x10 Drivers/1_Audio/STM32F10x_Speex_Lib/libspeex/bits.o
                0x0000000008004d12                speex_bits_reset
 .text.speex_bits_init
                0x0000000008004d22       0x20 Drivers/1_Audio/STM32F10x_Speex_Lib/libspeex/bits.o
                0x0000000008004d22                speex_bits_init
 .text.speex_bits_read_from
                0x0000000008004d42       0x46 Drivers/1_Audio/STM32F10x_Speex_Lib/libspeex/bits.o
                0x0000000008004d42                speex_bits_read_from
 .text.speex_bits_pack
                0x0000000008004d88       0x78 Drivers/1_Audio/STM32F10x_Speex_Lib/libspeex/bits.o
                0x0000000008004d88                speex_bits_pack
 .text.speex_bits_unpack_unsigned
                0x0000000008004e00       0x52 Drivers/1_Audio/STM32F10x_Speex_Lib/libspeex/bits.o
                0x0000000008004e00                speex_bits_unpack_unsigned
 .text.speex_bits_advance
                0x0000000008004e52       0x2e Drivers/1_Audio/STM32F10x_Speex_Lib/libspeex/bits.o
                0x0000000008004e52                speex_bits_advance
 .text.speex_bits_remaining
                0x0000000008004e80       0x18 Drivers/1_Audio/STM32F10x_Speex_Lib/libspeex/bits.o
                0x0000000008004e80                speex_bits_remaining
 .text._spx_lpc
                0x0000000008004e98       0xf4 Drivers/1_Audio/STM32F10x_Speex_Lib/libspeex/lpc.o
                0x0000000008004e98                _spx_lpc
 .text._spx_autocorr
                0x0000000008004f8c       0x8c Drivers/1_Audio/STM32F10x_Speex_Lib/libspeex/lpc.o
                0x0000000008004f8c                _spx_autocorr
 .text.lpc_to_lsp
                0x0000000008005018      0x400 Drivers/1_Audio/STM32F10x_Speex_Lib/libspeex/lsp.o
                0x0000000008005018                lpc_to_lsp
 .text.lsp_to_lpc
                0x0000000008005418      0x304 Drivers/1_Audio/STM32F10x_Speex_Lib/libspeex/lsp.o
                0x0000000008005418                lsp_to_lpc
 .text.lsp_enforce_margin
                0x000000000800571c       0x70 Drivers/1_Audio/STM32F10x_Speex_Lib/libspeex/lsp.o
                0x000000000800571c                lsp_enforce_margin
 .text.lsp_interpolate
                0x000000000800578c       0x48 Drivers/1_Audio/STM32F10x_Speex_Lib/libspeex/lsp.o
                0x000000000800578c                lsp_interpolate
 .text.speex_decoder_init
                0x00000000080057d4        0x8 Drivers/1_Audio/STM32F10x_Speex_Lib/libspeex/speex.o
                0x00000000080057d4                speex_decoder_init
 .text.speex_decode_int
                0x00000000080057dc        0xa Drivers/1_Audio/STM32F10x_Speex_Lib/libspeex/speex.o
                0x00000000080057dc                speex_decode_int
 .text.speex_encoder_ctl
                0x00000000080057e6        0xa Drivers/1_Audio/STM32F10x_Speex_Lib/libspeex/speex.o
                0x00000000080057e6                speex_encoder_ctl
 .text.speex_decoder_ctl
                0x00000000080057f0        0xa Drivers/1_Audio/STM32F10x_Speex_Lib/libspeex/speex.o
                0x00000000080057f0                speex_decoder_ctl
 .text.nb_mode_query
                0x00000000080057fa       0x3e Drivers/1_Audio/STM32F10x_Speex_Lib/libspeex/speex.o
                0x00000000080057fa                nb_mode_query
 .text.speex_inband_handler
                0x0000000008005838       0x58 Drivers/1_Audio/STM32F10x_Speex_Lib/libspeex/speex_callbacks.o
                0x0000000008005838                speex_inband_handler
 .text.speex_default_user_handler
                0x0000000008005890       0x18 Drivers/1_Audio/STM32F10x_Speex_Lib/libspeex/speex_callbacks.o
                0x0000000008005890                speex_default_user_handler
 .text.SpeexInit
                0x00000000080058a8       0x2c Drivers/1_Audio/audio.o
                0x00000000080058a8                SpeexInit
 .text.PlayMessage
                0x00000000080058d4      0x138 Drivers/1_Audio/audio.o
                0x00000000080058d4                PlayMessage
 .text.TM_HD44780_Cmd4bit
                0x0000000008005a0c       0x90 Drivers/2_LCD for STM32F103RET/tm_stm32_hd44780.o
 .text.TM_HD44780_Cmd
                0x0000000008005a9c       0x24 Drivers/2_LCD for STM32F103RET/tm_stm32_hd44780.o
 .text.TM_HD44780_CursorSet
                0x0000000008005ac0       0x40 Drivers/2_LCD for STM32F103RET/tm_stm32_hd44780.o
 .text.TM_HD44780_Data
                0x0000000008005b00       0x24 Drivers/2_LCD for STM32F103RET/tm_stm32_hd44780.o
 .text.TM_HD44780_Clear
                0x0000000008005b24        0xa Drivers/2_LCD for STM32F103RET/tm_stm32_hd44780.o
                0x0000000008005b24                TM_HD44780_Clear
 *fill*         0x0000000008005b2e        0x2 
 .text.TM_HD44780_DisplayOn
                0x0000000008005b30       0x1c Drivers/2_LCD for STM32F103RET/tm_stm32_hd44780.o
                0x0000000008005b30                TM_HD44780_DisplayOn
 .text.TM_HD44780_Init
                0x0000000008005b4c       0x78 Drivers/2_LCD for STM32F103RET/tm_stm32_hd44780.o
                0x0000000008005b4c                TM_HD44780_Init
 .text.TM_HD44780_ScrollLeft
                0x0000000008005bc4        0xa Drivers/2_LCD for STM32F103RET/tm_stm32_hd44780.o
                0x0000000008005bc4                TM_HD44780_ScrollLeft
 .text.TM_HD44780_PutCustom
                0x0000000008005bce       0x10 Drivers/2_LCD for STM32F103RET/tm_stm32_hd44780.o
                0x0000000008005bce                TM_HD44780_PutCustom
 .text.ConvertRus
                0x0000000008005bde      0x3b0 Drivers/2_LCD for STM32F103RET/tm_stm32_hd44780.o
                0x0000000008005bde                ConvertRus
 *fill*         0x0000000008005f8e        0x2 
 .text.TM_HD44780_Puts
                0x0000000008005f90       0xd4 Drivers/2_LCD for STM32F103RET/tm_stm32_hd44780.o
                0x0000000008005f90                TM_HD44780_Puts
 .text.sendData
                0x0000000008006064       0x40 Drivers/3_LedMatrix/max7219.o
                0x0000000008006064                sendData
 .text.MAX729_SetIntensivity
                0x00000000080060a4       0x34 Drivers/3_LedMatrix/max7219.o
                0x00000000080060a4                MAX729_SetIntensivity
 .text.MAX729_Clean
                0x00000000080060d8       0x44 Drivers/3_LedMatrix/max7219.o
                0x00000000080060d8                MAX729_Clean
 .text.MAX729_Init
                0x000000000800611c        0xc Drivers/3_LedMatrix/max7219.o
                0x000000000800611c                MAX729_Init
 .text.DrawGor  0x0000000008006128       0xa8 Drivers/3_LedMatrix/max7219.o
                0x0000000008006128                DrawGor
 .text.DrawVert
                0x00000000080061d0       0xc0 Drivers/3_LedMatrix/max7219.o
                0x00000000080061d0                DrawVert
 .text.Draw     0x0000000008006290       0x5c Drivers/3_LedMatrix/max7219.o
                0x0000000008006290                Draw
 .text.DrawTS   0x00000000080062ec      0x164 Drivers/3_LedMatrix/max7219.o
                0x00000000080062ec                DrawTS
 .text.DrawAll  0x0000000008006450      0x184 Drivers/3_LedMatrix/max7219.o
                0x0000000008006450                DrawAll
 .text.WS2812_combination_2
                0x00000000080065d4       0xcc Drivers/4_WS2812B/ws2812b.o
                0x00000000080065d4                WS2812_combination_2
 .text.convertSymbolToNumber
                0x00000000080066a0       0x22 Drivers/5_Update/conspeex.o
 .text.convertStringToNumber
                0x00000000080066c2       0x88 Drivers/5_Update/conspeex.o
 .text.calcrc   0x000000000800674a       0x40 Drivers/5_Update/conspeex.o
 *fill*         0x000000000800678a        0x2 
 .text.commandDefiner
                0x000000000800678c      0x188 Drivers/5_Update/conspeex.o
 .text.parsing  0x0000000008006914      0x224 Drivers/5_Update/conspeex.o
                0x0000000008006914                parsing
 .text.AntiContactBounce
                0x0000000008006b38       0x28 Drivers/6_OtherFunctions/otherFunctions.o
                0x0000000008006b38                AntiContactBounce
 .text.WriteToFlash
                0x0000000008006b60       0x30 Drivers/6_OtherFunctions/otherFunctions.o
                0x0000000008006b60                WriteToFlash
 .text.SU_FLASH_Save_User_Data
                0x0000000008006b90      0x1a0 Drivers/6_OtherFunctions/otherFunctions.o
                0x0000000008006b90                SU_FLASH_Save_User_Data
 .text.HAL_Init
                0x0000000008006d30       0x24 Drivers/STM32F1xx_HAL_Driver/Src/stm32f1xx_hal.o
                0x0000000008006d30                HAL_Init
 .text.HAL_IncTick
                0x0000000008006d54       0x10 Drivers/STM32F1xx_HAL_Driver/Src/stm32f1xx_hal.o
                0x0000000008006d54                HAL_IncTick
 .text.HAL_GetTick
                0x0000000008006d64        0xc Drivers/STM32F1xx_HAL_Driver/Src/stm32f1xx_hal.o
                0x0000000008006d64                HAL_GetTick
 .text.HAL_Delay
                0x0000000008006d70       0x24 Drivers/STM32F1xx_HAL_Driver/Src/stm32f1xx_hal.o
                0x0000000008006d70                HAL_Delay
 .text.HAL_NVIC_SetPriorityGrouping
                0x0000000008006d94       0x3c Drivers/STM32F1xx_HAL_Driver/Src/stm32f1xx_hal_cortex.o
                0x0000000008006d94                HAL_NVIC_SetPriorityGrouping
 .text.HAL_NVIC_SetPriority
                0x0000000008006dd0       0x88 Drivers/STM32F1xx_HAL_Driver/Src/stm32f1xx_hal_cortex.o
                0x0000000008006dd0                HAL_NVIC_SetPriority
 .text.HAL_NVIC_EnableIRQ
                0x0000000008006e58       0x2c Drivers/STM32F1xx_HAL_Driver/Src/stm32f1xx_hal_cortex.o
                0x0000000008006e58                HAL_NVIC_EnableIRQ
 .text.HAL_SYSTICK_Config
                0x0000000008006e84       0x2c Drivers/STM32F1xx_HAL_Driver/Src/stm32f1xx_hal_cortex.o
                0x0000000008006e84                HAL_SYSTICK_Config
 .text.HAL_NVIC_ClearPendingIRQ
                0x0000000008006eb0       0x30 Drivers/STM32F1xx_HAL_Driver/Src/stm32f1xx_hal_cortex.o
                0x0000000008006eb0                HAL_NVIC_ClearPendingIRQ
 .text.HAL_SYSTICK_CLKSourceConfig
                0x0000000008006ee0       0x3c Drivers/STM32F1xx_HAL_Driver/Src/stm32f1xx_hal_cortex.o
                0x0000000008006ee0                HAL_SYSTICK_CLKSourceConfig
 .text.HAL_DAC_Init
                0x0000000008006f1c       0x40 Drivers/STM32F1xx_HAL_Driver/Src/stm32f1xx_hal_dac.o
                0x0000000008006f1c                HAL_DAC_Init
 .text.HAL_DAC_Start
                0x0000000008006f5c       0x70 Drivers/STM32F1xx_HAL_Driver/Src/stm32f1xx_hal_dac.o
                0x0000000008006f5c                HAL_DAC_Start
 .text.HAL_DAC_Stop
                0x0000000008006fcc       0x30 Drivers/STM32F1xx_HAL_Driver/Src/stm32f1xx_hal_dac.o
                0x0000000008006fcc                HAL_DAC_Stop
 .text.HAL_DAC_ConfigChannel
                0x0000000008006ffc       0xa0 Drivers/STM32F1xx_HAL_Driver/Src/stm32f1xx_hal_dac.o
                0x0000000008006ffc                HAL_DAC_ConfigChannel
 .text.HAL_DAC_SetValue
                0x000000000800709c       0x70 Drivers/STM32F1xx_HAL_Driver/Src/stm32f1xx_hal_dac.o
                0x000000000800709c                HAL_DAC_SetValue
 .text.DMA_SetConfig
                0x000000000800710c       0x2c Drivers/STM32F1xx_HAL_Driver/Src/stm32f1xx_hal_dma.o
 .text.HAL_DMA_Init
                0x0000000008007138      0x198 Drivers/STM32F1xx_HAL_Driver/Src/stm32f1xx_hal_dma.o
                0x0000000008007138                HAL_DMA_Init
 .text.HAL_DMA_Start_IT
                0x00000000080072d0       0x9c Drivers/STM32F1xx_HAL_Driver/Src/stm32f1xx_hal_dma.o
                0x00000000080072d0                HAL_DMA_Start_IT
 .text.HAL_DMA_Abort_IT
                0x000000000800736c      0x15c Drivers/STM32F1xx_HAL_Driver/Src/stm32f1xx_hal_dma.o
                0x000000000800736c                HAL_DMA_Abort_IT
 .text.HAL_DMA_IRQHandler
                0x00000000080074c8      0x2d0 Drivers/STM32F1xx_HAL_Driver/Src/stm32f1xx_hal_dma.o
                0x00000000080074c8                HAL_DMA_IRQHandler
 .text.HAL_DMA_GetState
                0x0000000008007798        0x6 Drivers/STM32F1xx_HAL_Driver/Src/stm32f1xx_hal_dma.o
                0x0000000008007798                HAL_DMA_GetState
 *fill*         0x000000000800779e        0x2 
 .text.FLASH_Program_HalfWord
                0x00000000080077a0       0x1c Drivers/STM32F1xx_HAL_Driver/Src/stm32f1xx_hal_flash.o
 .text.FLASH_SetErrorCode
                0x00000000080077bc       0x74 Drivers/STM32F1xx_HAL_Driver/Src/stm32f1xx_hal_flash.o
 .text.HAL_FLASH_Unlock
                0x0000000008007830       0x28 Drivers/STM32F1xx_HAL_Driver/Src/stm32f1xx_hal_flash.o
                0x0000000008007830                HAL_FLASH_Unlock
 .text.HAL_FLASH_Lock
                0x0000000008007858       0x14 Drivers/STM32F1xx_HAL_Driver/Src/stm32f1xx_hal_flash.o
                0x0000000008007858                HAL_FLASH_Lock
 .text.FLASH_WaitForLastOperation
                0x000000000800786c       0x6c Drivers/STM32F1xx_HAL_Driver/Src/stm32f1xx_hal_flash.o
                0x000000000800786c                FLASH_WaitForLastOperation
 .text.HAL_FLASH_Program
                0x00000000080078d8       0xf8 Drivers/STM32F1xx_HAL_Driver/Src/stm32f1xx_hal_flash.o
                0x00000000080078d8                HAL_FLASH_Program
 .text.FLASH_PageErase
                0x00000000080079d0       0x24 Drivers/STM32F1xx_HAL_Driver/Src/stm32f1xx_hal_flash_ex.o
                0x00000000080079d0                FLASH_PageErase
 .text.HAL_GPIO_Init
                0x00000000080079f4      0x368 Drivers/STM32F1xx_HAL_Driver/Src/stm32f1xx_hal_gpio.o
                0x00000000080079f4                HAL_GPIO_Init
 .text.HAL_GPIO_ReadPin
                0x0000000008007d5c       0x28 Drivers/STM32F1xx_HAL_Driver/Src/stm32f1xx_hal_gpio.o
                0x0000000008007d5c                HAL_GPIO_ReadPin
 .text.HAL_GPIO_WritePin
                0x0000000008007d84       0x34 Drivers/STM32F1xx_HAL_Driver/Src/stm32f1xx_hal_gpio.o
                0x0000000008007d84                HAL_GPIO_WritePin
 .text.RCC_Delay
                0x0000000008007db8       0x2c Drivers/STM32F1xx_HAL_Driver/Src/stm32f1xx_hal_rcc.o
 .text.HAL_RCC_OscConfig
                0x0000000008007de4      0x518 Drivers/STM32F1xx_HAL_Driver/Src/stm32f1xx_hal_rcc.o
                0x0000000008007de4                HAL_RCC_OscConfig
 .text.HAL_RCC_GetSysClockFreq
                0x00000000080082fc       0x6c Drivers/STM32F1xx_HAL_Driver/Src/stm32f1xx_hal_rcc.o
                0x00000000080082fc                HAL_RCC_GetSysClockFreq
 .text.HAL_RCC_ClockConfig
                0x0000000008008368      0x23c Drivers/STM32F1xx_HAL_Driver/Src/stm32f1xx_hal_rcc.o
                0x0000000008008368                HAL_RCC_ClockConfig
 .text.HAL_RCC_GetHCLKFreq
                0x00000000080085a4        0xc Drivers/STM32F1xx_HAL_Driver/Src/stm32f1xx_hal_rcc.o
                0x00000000080085a4                HAL_RCC_GetHCLKFreq
 .text.HAL_RCC_GetPCLK1Freq
                0x00000000080085b0       0x20 Drivers/STM32F1xx_HAL_Driver/Src/stm32f1xx_hal_rcc.o
                0x00000000080085b0                HAL_RCC_GetPCLK1Freq
 .text.HAL_RCC_GetPCLK2Freq
                0x00000000080085d0       0x20 Drivers/STM32F1xx_HAL_Driver/Src/stm32f1xx_hal_rcc.o
                0x00000000080085d0                HAL_RCC_GetPCLK2Freq
 .text.HAL_RCC_GetClockConfig
                0x00000000080085f0       0x64 Drivers/STM32F1xx_HAL_Driver/Src/stm32f1xx_hal_rcc.o
                0x00000000080085f0                HAL_RCC_GetClockConfig
 .text.SPI_WaitFlagStateUntilTimeout
                0x0000000008008654       0x96 Drivers/STM32F1xx_HAL_Driver/Src/stm32f1xx_hal_spi.o
 .text.SPI_CheckFlag_BSY
                0x00000000080086ea       0x26 Drivers/STM32F1xx_HAL_Driver/Src/stm32f1xx_hal_spi.o
 .text.HAL_SPI_Transmit
                0x0000000008008710      0x1c4 Drivers/STM32F1xx_HAL_Driver/Src/stm32f1xx_hal_spi.o
                0x0000000008008710                HAL_SPI_Transmit
 .text.HAL_SPI_Init
                0x00000000080088d4      0x15c Drivers/STM32F1xx_HAL_Driver/Src/stm32f1xx_hal_spi_ex.o
                0x00000000080088d4                HAL_SPI_Init
 .text.TIM_TI1_ConfigInputStage
                0x0000000008008a30       0x24 Drivers/STM32F1xx_HAL_Driver/Src/stm32f1xx_hal_tim.o
 .text.TIM_TI2_ConfigInputStage
                0x0000000008008a54       0x26 Drivers/STM32F1xx_HAL_Driver/Src/stm32f1xx_hal_tim.o
 .text.TIM_ITRx_SetConfig
                0x0000000008008a7a       0x10 Drivers/STM32F1xx_HAL_Driver/Src/stm32f1xx_hal_tim.o
 .text.TIM_ETR_SetConfig
                0x0000000008008a8a       0x16 Drivers/STM32F1xx_HAL_Driver/Src/stm32f1xx_hal_tim.o
 .text.TIM_OC1_SetConfig
                0x0000000008008aa0       0xbc Drivers/STM32F1xx_HAL_Driver/Src/stm32f1xx_hal_tim.o
 .text.TIM_OC3_SetConfig
                0x0000000008008b5c       0xc0 Drivers/STM32F1xx_HAL_Driver/Src/stm32f1xx_hal_tim.o
 .text.TIM_OC4_SetConfig
                0x0000000008008c1c       0x74 Drivers/STM32F1xx_HAL_Driver/Src/stm32f1xx_hal_tim.o
 .text.HAL_TIM_Base_Start_IT
                0x0000000008008c90       0x6c Drivers/STM32F1xx_HAL_Driver/Src/stm32f1xx_hal_tim.o
                0x0000000008008c90                HAL_TIM_Base_Start_IT
 .text.HAL_TIM_Base_Stop_IT
                0x0000000008008cfc       0x80 Drivers/STM32F1xx_HAL_Driver/Src/stm32f1xx_hal_tim.o
                0x0000000008008cfc                HAL_TIM_Base_Stop_IT
 .text.HAL_TIM_PWM_MspInit
                0x0000000008008d7c        0x2 Drivers/STM32F1xx_HAL_Driver/Src/stm32f1xx_hal_tim.o
                0x0000000008008d7c                HAL_TIM_PWM_MspInit
 *fill*         0x0000000008008d7e        0x2 
 .text.HAL_TIM_ConfigClockSource
                0x0000000008008d80      0x4d0 Drivers/STM32F1xx_HAL_Driver/Src/stm32f1xx_hal_tim.o
                0x0000000008008d80                HAL_TIM_ConfigClockSource
 .text.HAL_TIM_OC_DelayElapsedCallback
                0x0000000008009250        0x2 Drivers/STM32F1xx_HAL_Driver/Src/stm32f1xx_hal_tim.o
                0x0000000008009250                HAL_TIM_OC_DelayElapsedCallback
 .text.HAL_TIM_IC_CaptureCallback
                0x0000000008009252        0x2 Drivers/STM32F1xx_HAL_Driver/Src/stm32f1xx_hal_tim.o
                0x0000000008009252                HAL_TIM_IC_CaptureCallback
 .text.HAL_TIM_PWM_PulseFinishedCallback
                0x0000000008009254        0x2 Drivers/STM32F1xx_HAL_Driver/Src/stm32f1xx_hal_tim.o
                0x0000000008009254                HAL_TIM_PWM_PulseFinishedCallback
 .text.TIM_DMADelayPulseCplt
                0x0000000008009256       0x46 Drivers/STM32F1xx_HAL_Driver/Src/stm32f1xx_hal_tim.o
                0x0000000008009256                TIM_DMADelayPulseCplt
 .text.HAL_TIM_TriggerCallback
                0x000000000800929c        0x2 Drivers/STM32F1xx_HAL_Driver/Src/stm32f1xx_hal_tim.o
                0x000000000800929c                HAL_TIM_TriggerCallback
 .text.HAL_TIM_IRQHandler
                0x000000000800929e      0x17a Drivers/STM32F1xx_HAL_Driver/Src/stm32f1xx_hal_tim.o
                0x000000000800929e                HAL_TIM_IRQHandler
 .text.HAL_TIM_ErrorCallback
                0x0000000008009418        0x2 Drivers/STM32F1xx_HAL_Driver/Src/stm32f1xx_hal_tim.o
                0x0000000008009418                HAL_TIM_ErrorCallback
 .text.TIM_DMAError
                0x000000000800941a       0x10 Drivers/STM32F1xx_HAL_Driver/Src/stm32f1xx_hal_tim.o
                0x000000000800941a                TIM_DMAError
 *fill*         0x000000000800942a        0x2 
 .text.TIM_Base_SetConfig
                0x000000000800942c       0x9c Drivers/STM32F1xx_HAL_Driver/Src/stm32f1xx_hal_tim.o
                0x000000000800942c                TIM_Base_SetConfig
 .text.HAL_TIM_Base_Init
                0x00000000080094c8       0xc8 Drivers/STM32F1xx_HAL_Driver/Src/stm32f1xx_hal_tim.o
                0x00000000080094c8                HAL_TIM_Base_Init
 .text.HAL_TIM_PWM_Init
                0x0000000008009590       0xd0 Drivers/STM32F1xx_HAL_Driver/Src/stm32f1xx_hal_tim.o
                0x0000000008009590                HAL_TIM_PWM_Init
 .text.TIM_OC2_SetConfig
                0x0000000008009660       0xc0 Drivers/STM32F1xx_HAL_Driver/Src/stm32f1xx_hal_tim.o
                0x0000000008009660                TIM_OC2_SetConfig
 .text.HAL_TIM_PWM_ConfigChannel
                0x0000000008009720      0x224 Drivers/STM32F1xx_HAL_Driver/Src/stm32f1xx_hal_tim.o
                0x0000000008009720                HAL_TIM_PWM_ConfigChannel
 .text.TIM_CCxChannelCmd
                0x0000000008009944       0x7c Drivers/STM32F1xx_HAL_Driver/Src/stm32f1xx_hal_tim.o
                0x0000000008009944                TIM_CCxChannelCmd
 .text.HAL_TIM_PWM_Start_DMA
                0x00000000080099c0      0x178 Drivers/STM32F1xx_HAL_Driver/Src/stm32f1xx_hal_tim.o
                0x00000000080099c0                HAL_TIM_PWM_Start_DMA
 .text.HAL_TIMEx_MasterConfigSynchronization
                0x0000000008009b38       0xe0 Drivers/STM32F1xx_HAL_Driver/Src/stm32f1xx_hal_tim_ex.o
                0x0000000008009b38                HAL_TIMEx_MasterConfigSynchronization
 .text.HAL_TIMEx_CommutationCallback
                0x0000000008009c18        0x2 Drivers/STM32F1xx_HAL_Driver/Src/stm32f1xx_hal_tim_ex.o
                0x0000000008009c18                HAL_TIMEx_CommutationCallback
 .text.HAL_TIMEx_BreakCallback
                0x0000000008009c1a        0x2 Drivers/STM32F1xx_HAL_Driver/Src/stm32f1xx_hal_tim_ex.o
                0x0000000008009c1a                HAL_TIMEx_BreakCallback
 .text.UART_EndRxTransfer
                0x0000000008009c1c       0x1c Drivers/STM32F1xx_HAL_Driver/Src/stm32f1xx_hal_uart.o
 .text.UART_Transmit_IT
                0x0000000008009c38       0x6a Drivers/STM32F1xx_HAL_Driver/Src/stm32f1xx_hal_uart.o
 *fill*         0x0000000008009ca2        0x2 
 .text.UART_SetConfig
                0x0000000008009ca4      0x210 Drivers/STM32F1xx_HAL_Driver/Src/stm32f1xx_hal_uart.o
 .text.UART_WaitOnFlagUntilTimeout
                0x0000000008009eb4       0x64 Drivers/STM32F1xx_HAL_Driver/Src/stm32f1xx_hal_uart.o
 .text.HAL_UART_Init
                0x0000000008009f18       0xf8 Drivers/STM32F1xx_HAL_Driver/Src/stm32f1xx_hal_uart.o
                0x0000000008009f18                HAL_UART_Init
 .text.HAL_UART_Transmit
                0x000000000800a010       0xe2 Drivers/STM32F1xx_HAL_Driver/Src/stm32f1xx_hal_uart.o
                0x000000000800a010                HAL_UART_Transmit
 .text.HAL_UART_TxCpltCallback
                0x000000000800a0f2        0x2 Drivers/STM32F1xx_HAL_Driver/Src/stm32f1xx_hal_uart.o
                0x000000000800a0f2                HAL_UART_TxCpltCallback
 .text.UART_EndTransmit_IT
                0x000000000800a0f4       0x1a Drivers/STM32F1xx_HAL_Driver/Src/stm32f1xx_hal_uart.o
 .text.HAL_UART_RxCpltCallback
                0x000000000800a10e        0x2 Drivers/STM32F1xx_HAL_Driver/Src/stm32f1xx_hal_uart.o
                0x000000000800a10e                HAL_UART_RxCpltCallback
 .text.UART_Receive_IT
                0x000000000800a110       0x9e Drivers/STM32F1xx_HAL_Driver/Src/stm32f1xx_hal_uart.o
 .text.HAL_UART_ErrorCallback
                0x000000000800a1ae        0x2 Drivers/STM32F1xx_HAL_Driver/Src/stm32f1xx_hal_uart.o
                0x000000000800a1ae                HAL_UART_ErrorCallback
 .text.HAL_UART_IRQHandler
                0x000000000800a1b0      0x120 Drivers/STM32F1xx_HAL_Driver/Src/stm32f1xx_hal_uart.o
                0x000000000800a1b0                HAL_UART_IRQHandler
 .text.UART_DMAAbortOnError
                0x000000000800a2d0       0x10 Drivers/STM32F1xx_HAL_Driver/Src/stm32f1xx_hal_uart.o
 .text.makeFreeRtosPriority
                0x000000000800a2e0        0xc Middlewares/Third_Party/FreeRTOS/Source/CMSIS_RTOS/cmsis_os.o
 .text.osKernelStart
                0x000000000800a2ec        0xa Middlewares/Third_Party/FreeRTOS/Source/CMSIS_RTOS/cmsis_os.o
                0x000000000800a2ec                osKernelStart
 .text.osThreadCreate
                0x000000000800a2f6       0x34 Middlewares/Third_Party/FreeRTOS/Source/CMSIS_RTOS/cmsis_os.o
                0x000000000800a2f6                osThreadCreate
 .text.osDelay  0x000000000800a32a       0x12 Middlewares/Third_Party/FreeRTOS/Source/CMSIS_RTOS/cmsis_os.o
                0x000000000800a32a                osDelay
 .text.osSemaphoreCreate
                0x000000000800a33c       0x26 Middlewares/Third_Party/FreeRTOS/Source/CMSIS_RTOS/cmsis_os.o
                0x000000000800a33c                osSemaphoreCreate
 .text.osMessageCreate
                0x000000000800a362        0xe Middlewares/Third_Party/FreeRTOS/Source/CMSIS_RTOS/cmsis_os.o
                0x000000000800a362                osMessageCreate
 .text.osSystickHandler
                0x000000000800a370       0x10 Middlewares/Third_Party/FreeRTOS/Source/CMSIS_RTOS/cmsis_os.o
                0x000000000800a370                osSystickHandler
 .text.vListInitialise
                0x000000000800a380       0x16 Middlewares/Third_Party/FreeRTOS/Source/list.o
                0x000000000800a380                vListInitialise
 .text.vListInitialiseItem
                0x000000000800a396        0x6 Middlewares/Third_Party/FreeRTOS/Source/list.o
                0x000000000800a396                vListInitialiseItem
 .text.vListInsertEnd
                0x000000000800a39c       0x18 Middlewares/Third_Party/FreeRTOS/Source/list.o
                0x000000000800a39c                vListInsertEnd
 .text.vListInsert
                0x000000000800a3b4       0x34 Middlewares/Third_Party/FreeRTOS/Source/list.o
                0x000000000800a3b4                vListInsert
 .text.uxListRemove
                0x000000000800a3e8       0x26 Middlewares/Third_Party/FreeRTOS/Source/list.o
                0x000000000800a3e8                uxListRemove
 .text.prvIsQueueFull
                0x000000000800a40e       0x1e Middlewares/Third_Party/FreeRTOS/Source/queue.o
 .text.prvIsQueueEmpty
                0x000000000800a42c       0x1a Middlewares/Third_Party/FreeRTOS/Source/queue.o
 .text.prvCopyDataToQueue
                0x000000000800a446       0x76 Middlewares/Third_Party/FreeRTOS/Source/queue.o
 .text.prvCopyDataFromQueue
                0x000000000800a4bc       0x24 Middlewares/Third_Party/FreeRTOS/Source/queue.o
 .text.prvUnlockQueue
                0x000000000800a4e0       0x6e Middlewares/Third_Party/FreeRTOS/Source/queue.o
 *fill*         0x000000000800a54e        0x2 
 .text.xQueueGenericReset
                0x000000000800a550       0x80 Middlewares/Third_Party/FreeRTOS/Source/queue.o
                0x000000000800a550                xQueueGenericReset
 .text.prvInitialiseNewQueue
                0x000000000800a5d0       0x1c Middlewares/Third_Party/FreeRTOS/Source/queue.o
 .text.xQueueGenericCreate
                0x000000000800a5ec       0x48 Middlewares/Third_Party/FreeRTOS/Source/queue.o
                0x000000000800a5ec                xQueueGenericCreate
 .text.xQueueGenericSend
                0x000000000800a634      0x188 Middlewares/Third_Party/FreeRTOS/Source/queue.o
                0x000000000800a634                xQueueGenericSend
 .text.xQueueGenericSendFromISR
                0x000000000800a7bc       0xde Middlewares/Third_Party/FreeRTOS/Source/queue.o
                0x000000000800a7bc                xQueueGenericSendFromISR
 .text.xQueueGiveFromISR
                0x000000000800a89a       0xbc Middlewares/Third_Party/FreeRTOS/Source/queue.o
                0x000000000800a89a                xQueueGiveFromISR
 *fill*         0x000000000800a956        0x2 
 .text.xQueueGenericReceive
                0x000000000800a958      0x1b0 Middlewares/Third_Party/FreeRTOS/Source/queue.o
                0x000000000800a958                xQueueGenericReceive
 .text.uxQueueMessagesWaitingFromISR
                0x000000000800ab08       0x18 Middlewares/Third_Party/FreeRTOS/Source/queue.o
                0x000000000800ab08                uxQueueMessagesWaitingFromISR
 .text.prvTaskIsTaskSuspended
                0x000000000800ab20       0x4c Middlewares/Third_Party/FreeRTOS/Source/tasks.o
 .text.prvResetNextTaskUnblockTime
                0x000000000800ab6c       0x2c Middlewares/Third_Party/FreeRTOS/Source/tasks.o
 .text.prvDeleteTCB
                0x000000000800ab98       0x12 Middlewares/Third_Party/FreeRTOS/Source/tasks.o
 .text.prvInitialiseNewTask
                0x000000000800abaa       0x80 Middlewares/Third_Party/FreeRTOS/Source/tasks.o
 *fill*         0x000000000800ac2a        0x2 
 .text.prvInitialiseTaskLists
                0x000000000800ac2c       0x58 Middlewares/Third_Party/FreeRTOS/Source/tasks.o
 .text.prvAddNewTaskToReadyList
                0x000000000800ac84       0xac Middlewares/Third_Party/FreeRTOS/Source/tasks.o
 .text.prvAddCurrentTaskToDelayedList
                0x000000000800ad30       0x88 Middlewares/Third_Party/FreeRTOS/Source/tasks.o
 .text.xTaskCreate
                0x000000000800adb8       0x62 Middlewares/Third_Party/FreeRTOS/Source/tasks.o
                0x000000000800adb8                xTaskCreate
 *fill*         0x000000000800ae1a        0x2 
 .text.vTaskDelete
                0x000000000800ae1c       0xdc Middlewares/Third_Party/FreeRTOS/Source/tasks.o
                0x000000000800ae1c                vTaskDelete
 .text.vTaskResume
                0x000000000800aef8       0x88 Middlewares/Third_Party/FreeRTOS/Source/tasks.o
                0x000000000800aef8                vTaskResume
 .text.vTaskStartScheduler
                0x000000000800af80       0x74 Middlewares/Third_Party/FreeRTOS/Source/tasks.o
                0x000000000800af80                vTaskStartScheduler
 .text.vTaskSuspendAll
                0x000000000800aff4       0x14 Middlewares/Third_Party/FreeRTOS/Source/tasks.o
                0x000000000800aff4                vTaskSuspendAll
 .text.xTaskIncrementTick
                0x000000000800b008      0x114 Middlewares/Third_Party/FreeRTOS/Source/tasks.o
                0x000000000800b008                xTaskIncrementTick
 .text.xTaskResumeAll
                0x000000000800b11c       0xf4 Middlewares/Third_Party/FreeRTOS/Source/tasks.o
                0x000000000800b11c                xTaskResumeAll
 .text.vTaskDelay
                0x000000000800b210       0x50 Middlewares/Third_Party/FreeRTOS/Source/tasks.o
                0x000000000800b210                vTaskDelay
 .text.prvCheckTasksWaitingTermination
                0x000000000800b260       0x54 Middlewares/Third_Party/FreeRTOS/Source/tasks.o
 .text.prvIdleTask
                0x000000000800b2b4       0x28 Middlewares/Third_Party/FreeRTOS/Source/tasks.o
 .text.vTaskSwitchContext
                0x000000000800b2dc       0x8c Middlewares/Third_Party/FreeRTOS/Source/tasks.o
                0x000000000800b2dc                vTaskSwitchContext
 .text.vTaskSuspend
                0x000000000800b368       0xd4 Middlewares/Third_Party/FreeRTOS/Source/tasks.o
                0x000000000800b368                vTaskSuspend
 .text.vTaskPlaceOnEventList
                0x000000000800b43c       0x34 Middlewares/Third_Party/FreeRTOS/Source/tasks.o
                0x000000000800b43c                vTaskPlaceOnEventList
 .text.xTaskRemoveFromEventList
                0x000000000800b470       0x84 Middlewares/Third_Party/FreeRTOS/Source/tasks.o
                0x000000000800b470                xTaskRemoveFromEventList
 .text.vTaskSetTimeOutState
                0x000000000800b4f4       0x28 Middlewares/Third_Party/FreeRTOS/Source/tasks.o
                0x000000000800b4f4                vTaskSetTimeOutState
 .text.xTaskCheckForTimeOut
                0x000000000800b51c       0x80 Middlewares/Third_Party/FreeRTOS/Source/tasks.o
                0x000000000800b51c                xTaskCheckForTimeOut
 .text.vTaskMissedYield
                0x000000000800b59c       0x10 Middlewares/Third_Party/FreeRTOS/Source/tasks.o
                0x000000000800b59c                vTaskMissedYield
 .text.xTaskGetSchedulerState
                0x000000000800b5ac       0x20 Middlewares/Third_Party/FreeRTOS/Source/tasks.o
                0x000000000800b5ac                xTaskGetSchedulerState
 .text.vTaskPriorityInherit
                0x000000000800b5cc       0xb0 Middlewares/Third_Party/FreeRTOS/Source/tasks.o
                0x000000000800b5cc                vTaskPriorityInherit
 .text.xTaskPriorityDisinherit
                0x000000000800b67c       0xb8 Middlewares/Third_Party/FreeRTOS/Source/tasks.o
                0x000000000800b67c                xTaskPriorityDisinherit
 .text.pvTaskIncrementMutexHeldCount
                0x000000000800b734       0x20 Middlewares/Third_Party/FreeRTOS/Source/tasks.o
                0x000000000800b734                pvTaskIncrementMutexHeldCount
 .text.prvTaskExitError
                0x000000000800b754       0x34 Middlewares/Third_Party/FreeRTOS/Source/portable/GCC/ARM_CM3/port.o
 .text.prvPortStartFirstTask
                0x000000000800b788       0x20 Middlewares/Third_Party/FreeRTOS/Source/portable/GCC/ARM_CM3/port.o
 .text.pxPortInitialiseStack
                0x000000000800b7a8       0x24 Middlewares/Third_Party/FreeRTOS/Source/portable/GCC/ARM_CM3/port.o
                0x000000000800b7a8                pxPortInitialiseStack
 *fill*         0x000000000800b7cc        0x4 
 .text.SVC_Handler
                0x000000000800b7d0       0x24 Middlewares/Third_Party/FreeRTOS/Source/portable/GCC/ARM_CM3/port.o
                0x000000000800b7d0                SVC_Handler
 .text.vPortEnterCritical
                0x000000000800b7f4       0x44 Middlewares/Third_Party/FreeRTOS/Source/portable/GCC/ARM_CM3/port.o
                0x000000000800b7f4                vPortEnterCritical
 .text.vPortExitCritical
                0x000000000800b838       0x2c Middlewares/Third_Party/FreeRTOS/Source/portable/GCC/ARM_CM3/port.o
                0x000000000800b838                vPortExitCritical
 *fill*         0x000000000800b864        0xc 
 .text.PendSV_Handler
                0x000000000800b870       0x44 Middlewares/Third_Party/FreeRTOS/Source/portable/GCC/ARM_CM3/port.o
                0x000000000800b870                PendSV_Handler
 .text.xPortSysTickHandler
                0x000000000800b8b4       0x2c Middlewares/Third_Party/FreeRTOS/Source/portable/GCC/ARM_CM3/port.o
                0x000000000800b8b4                xPortSysTickHandler
 .text.vPortSetupTimerInterrupt
                0x000000000800b8e0       0x2c Middlewares/Third_Party/FreeRTOS/Source/portable/GCC/ARM_CM3/port.o
                0x000000000800b8e0                vPortSetupTimerInterrupt
 .text.xPortStartScheduler
                0x000000000800b90c       0x90 Middlewares/Third_Party/FreeRTOS/Source/portable/GCC/ARM_CM3/port.o
                0x000000000800b90c                xPortStartScheduler
 .text.vPortValidateInterruptPriority
                0x000000000800b99c       0x58 Middlewares/Third_Party/FreeRTOS/Source/portable/GCC/ARM_CM3/port.o
                0x000000000800b99c                vPortValidateInterruptPriority
 .text.pvPortMalloc
                0x000000000800b9f4       0x60 Middlewares/Third_Party/FreeRTOS/Source/portable/MemMang/heap_1.o
                0x000000000800b9f4                pvPortMalloc
 .text.vPortFree
                0x000000000800ba54       0x16 Middlewares/Third_Party/FreeRTOS/Source/portable/MemMang/heap_1.o
                0x000000000800ba54                vPortFree
 *fill*         0x000000000800ba6a        0x2 
 .text.MX_DAC_Init
                0x000000000800ba6c       0x48 Src/dac.o
                0x000000000800ba6c                MX_DAC_Init
 .text.HAL_DAC_MspInit
                0x000000000800bab4       0x44 Src/dac.o
                0x000000000800bab4                HAL_DAC_MspInit
 .text.MX_DMA_Init
                0x000000000800baf8       0x34 Src/dma.o
                0x000000000800baf8                MX_DMA_Init
 .text.StartLCDTask
                0x000000000800bb2c      0x158 Src/freertos.o
                0x000000000800bb2c                StartLCDTask
 .text.StartButtonTask
                0x000000000800bc84       0x60 Src/freertos.o
                0x000000000800bc84                StartButtonTask
 .text.StartLEDmatrixTask
                0x000000000800bce4       0x88 Src/freertos.o
                0x000000000800bce4                StartLEDmatrixTask
 .text.StartAudioMessageTask
                0x000000000800bd6c       0x80 Src/freertos.o
                0x000000000800bd6c                StartAudioMessageTask
 .text.StartRGBws2812bTask
                0x000000000800bdec       0x18 Src/freertos.o
                0x000000000800bdec                StartRGBws2812bTask
 .text.MX_FREERTOS_Init
                0x000000000800be04      0x114 Src/freertos.o
                0x000000000800be04                MX_FREERTOS_Init
 .text.USART_Receive_FromISR
                0x000000000800bf18       0x4e Src/freertos.o
                0x000000000800bf18                USART_Receive_FromISR
 *fill*         0x000000000800bf66        0x2 
 .text.StartUSARTTask
                0x000000000800bf68      0x160 Src/freertos.o
                0x000000000800bf68                StartUSARTTask
 .text.MX_GPIO_Init
                0x000000000800c0c8      0x128 Src/gpio.o
                0x000000000800c0c8                MX_GPIO_Init
 .text.HAL_TIM_PeriodElapsedCallback
                0x000000000800c1f0       0x12 Src/main.o
                0x000000000800c1f0                HAL_TIM_PeriodElapsedCallback
 .text._Error_Handler
                0x000000000800c202        0x2 Src/main.o
                0x000000000800c202                _Error_Handler
 .text.SystemClock_Config
                0x000000000800c204       0x84 Src/main.o
                0x000000000800c204                SystemClock_Config
 .text.main     0x000000000800c288       0x9c Src/main.o
                0x000000000800c288                main
 .text.assert_failed
                0x000000000800c324        0x2 Src/main.o
                0x000000000800c324                assert_failed
 *fill*         0x000000000800c326        0x2 
 .text.MX_SPI2_Init
                0x000000000800c328       0x54 Src/spi.o
                0x000000000800c328                MX_SPI2_Init
 .text.HAL_SPI_MspInit
                0x000000000800c37c       0x48 Src/spi.o
                0x000000000800c37c                HAL_SPI_MspInit
 .text.HAL_MspInit
                0x000000000800c3c4       0x94 Src/stm32f1xx_hal_msp.o
                0x000000000800c3c4                HAL_MspInit
 .text.HAL_InitTick
                0x000000000800c458       0x78 Src/stm32f1xx_hal_timebase_TIM.o
                0x000000000800c458                HAL_InitTick
 .text.NMI_Handler
                0x000000000800c4d0        0x2 Src/stm32f1xx_it.o
                0x000000000800c4d0                NMI_Handler
 .text.HardFault_Handler
                0x000000000800c4d2        0x2 Src/stm32f1xx_it.o
                0x000000000800c4d2                HardFault_Handler
 .text.MemManage_Handler
                0x000000000800c4d4        0x2 Src/stm32f1xx_it.o
                0x000000000800c4d4                MemManage_Handler
 .text.BusFault_Handler
                0x000000000800c4d6        0x2 Src/stm32f1xx_it.o
                0x000000000800c4d6                BusFault_Handler
 .text.UsageFault_Handler
                0x000000000800c4d8        0x2 Src/stm32f1xx_it.o
                0x000000000800c4d8                UsageFault_Handler
 .text.DebugMon_Handler
                0x000000000800c4da        0x2 Src/stm32f1xx_it.o
                0x000000000800c4da                DebugMon_Handler
 .text.SysTick_Handler
                0x000000000800c4dc        0x8 Src/stm32f1xx_it.o
                0x000000000800c4dc                SysTick_Handler
 .text.DMA1_Channel6_IRQHandler
                0x000000000800c4e4       0x10 Src/stm32f1xx_it.o
                0x000000000800c4e4                DMA1_Channel6_IRQHandler
 .text.TIM2_IRQHandler
                0x000000000800c4f4       0x10 Src/stm32f1xx_it.o
                0x000000000800c4f4                TIM2_IRQHandler
 .text.USART2_IRQHandler
                0x000000000800c504       0x6c Src/stm32f1xx_it.o
                0x000000000800c504                USART2_IRQHandler
 .text.TIM6_IRQHandler
                0x000000000800c570       0x74 Src/stm32f1xx_it.o
                0x000000000800c570                TIM6_IRQHandler
 .text.SystemInit
                0x000000000800c5e4       0x4c Src/system_stm32f1xx.o
                0x000000000800c5e4                SystemInit
 .text.MX_TIM6_Init
                0x000000000800c630       0x54 Src/tim.o
                0x000000000800c630                MX_TIM6_Init
 .text.HAL_TIM_Base_MspInit
                0x000000000800c684       0xa8 Src/tim.o
                0x000000000800c684                HAL_TIM_Base_MspInit
 .text.HAL_TIM_MspPostInit
                0x000000000800c72c       0x44 Src/tim.o
                0x000000000800c72c                HAL_TIM_MspPostInit
 .text.MX_TIM3_Init
                0x000000000800c770       0xac Src/tim.o
                0x000000000800c770                MX_TIM3_Init
 .text.MX_USART2_UART_Init
                0x000000000800c81c       0x3c Src/usart.o
                0x000000000800c81c                MX_USART2_UART_Init
 .text.HAL_UART_MspInit
                0x000000000800c858       0x6c Src/usart.o
                0x000000000800c858                HAL_UART_MspInit
 .text.Reset_Handler
                0x000000000800c8c4       0x48 startup/startup_stm32f103xe.o
                0x000000000800c8c4                Reset_Handler
 .text.Default_Handler
                0x000000000800c90c        0x2 startup/startup_stm32f103xe.o
                0x000000000800c90c                RTC_Alarm_IRQHandler
                0x000000000800c90c                EXTI2_IRQHandler
                0x000000000800c90c                TIM8_TRG_COM_IRQHandler
                0x000000000800c90c                TIM8_CC_IRQHandler
                0x000000000800c90c                TIM1_CC_IRQHandler
                0x000000000800c90c                PVD_IRQHandler
                0x000000000800c90c                SDIO_IRQHandler
                0x000000000800c90c                EXTI3_IRQHandler
                0x000000000800c90c                EXTI0_IRQHandler
                0x000000000800c90c                I2C2_EV_IRQHandler
                0x000000000800c90c                ADC1_2_IRQHandler
                0x000000000800c90c                SPI1_IRQHandler
                0x000000000800c90c                TAMPER_IRQHandler
                0x000000000800c90c                TIM8_UP_IRQHandler
                0x000000000800c90c                DMA2_Channel2_IRQHandler
                0x000000000800c90c                DMA1_Channel4_IRQHandler
                0x000000000800c90c                USART3_IRQHandler
                0x000000000800c90c                RTC_IRQHandler
                0x000000000800c90c                DMA1_Channel7_IRQHandler
                0x000000000800c90c                CAN1_RX1_IRQHandler
                0x000000000800c90c                UART5_IRQHandler
                0x000000000800c90c                ADC3_IRQHandler
                0x000000000800c90c                TIM4_IRQHandler
                0x000000000800c90c                DMA2_Channel1_IRQHandler
                0x000000000800c90c                I2C1_EV_IRQHandler
                0x000000000800c90c                UART4_IRQHandler
                0x000000000800c90c                TIM3_IRQHandler
                0x000000000800c90c                RCC_IRQHandler
                0x000000000800c90c                TIM1_TRG_COM_IRQHandler
                0x000000000800c90c                DMA1_Channel1_IRQHandler
                0x000000000800c90c                Default_Handler
                0x000000000800c90c                EXTI15_10_IRQHandler
                0x000000000800c90c                TIM7_IRQHandler
                0x000000000800c90c                TIM5_IRQHandler
                0x000000000800c90c                EXTI9_5_IRQHandler
                0x000000000800c90c                SPI2_IRQHandler
                0x000000000800c90c                DMA1_Channel5_IRQHandler
                0x000000000800c90c                EXTI4_IRQHandler
                0x000000000800c90c                USB_LP_CAN1_RX0_IRQHandler
                0x000000000800c90c                USB_HP_CAN1_TX_IRQHandler
                0x000000000800c90c                DMA1_Channel3_IRQHandler
                0x000000000800c90c                FSMC_IRQHandler
                0x000000000800c90c                TIM1_UP_IRQHandler
                0x000000000800c90c                WWDG_IRQHandler
                0x000000000800c90c                TIM1_BRK_IRQHandler
                0x000000000800c90c                EXTI1_IRQHandler
                0x000000000800c90c                DMA2_Channel4_5_IRQHandler
                0x000000000800c90c                I2C2_ER_IRQHandler
                0x000000000800c90c                DMA1_Channel2_IRQHandler
                0x000000000800c90c                TIM8_BRK_IRQHandler
                0x000000000800c90c                CAN1_SCE_IRQHandler
                0x000000000800c90c                FLASH_IRQHandler
                0x000000000800c90c                USART1_IRQHandler
                0x000000000800c90c                SPI3_IRQHandler
                0x000000000800c90c                I2C1_ER_IRQHandler
                0x000000000800c90c                USBWakeUp_IRQHandler
                0x000000000800c90c                DMA2_Channel3_IRQHandler
 *fill*         0x000000000800c90e        0x2 
 .text.calloc   0x000000000800c910       0x10 /home/user/Ac6/SystemWorkbench/plugins/fr.ac6.mcu.externaltools.arm-none.linux64_1.15.0.201708311556/tools/compiler/bin/../lib/gcc/arm-none-eabi/6.3.1/../../../../arm-none-eabi/lib/thumb/v7-m/libc_nano.a(lib_a-calloc.o)
                0x000000000800c910                calloc
 .text.__libc_init_array
                0x000000000800c920       0x48 /home/user/Ac6/SystemWorkbench/plugins/fr.ac6.mcu.externaltools.arm-none.linux64_1.15.0.201708311556/tools/compiler/bin/../lib/gcc/arm-none-eabi/6.3.1/../../../../arm-none-eabi/lib/thumb/v7-m/libc_nano.a(lib_a-init.o)
                0x000000000800c920                __libc_init_array
 .text.malloc   0x000000000800c968       0x10 /home/user/Ac6/SystemWorkbench/plugins/fr.ac6.mcu.externaltools.arm-none.linux64_1.15.0.201708311556/tools/compiler/bin/../lib/gcc/arm-none-eabi/6.3.1/../../../../arm-none-eabi/lib/thumb/v7-m/libc_nano.a(lib_a-malloc.o)
                0x000000000800c968                malloc
 .text.free     0x000000000800c978       0x10 /home/user/Ac6/SystemWorkbench/plugins/fr.ac6.mcu.externaltools.arm-none.linux64_1.15.0.201708311556/tools/compiler/bin/../lib/gcc/arm-none-eabi/6.3.1/../../../../arm-none-eabi/lib/thumb/v7-m/libc_nano.a(lib_a-malloc.o)
                0x000000000800c978                free
 .text.memcpy   0x000000000800c988       0x16 /home/user/Ac6/SystemWorkbench/plugins/fr.ac6.mcu.externaltools.arm-none.linux64_1.15.0.201708311556/tools/compiler/bin/../lib/gcc/arm-none-eabi/6.3.1/../../../../arm-none-eabi/lib/thumb/v7-m/libc_nano.a(lib_a-memcpy-stub.o)
                0x000000000800c988                memcpy
 .text.memmove  0x000000000800c99e       0x34 /home/user/Ac6/SystemWorkbench/plugins/fr.ac6.mcu.externaltools.arm-none.linux64_1.15.0.201708311556/tools/compiler/bin/../lib/gcc/arm-none-eabi/6.3.1/../../../../arm-none-eabi/lib/thumb/v7-m/libc_nano.a(lib_a-memmove.o)
                0x000000000800c99e                memmove
 .text.memset   0x000000000800c9d2       0x10 /home/user/Ac6/SystemWorkbench/plugins/fr.ac6.mcu.externaltools.arm-none.linux64_1.15.0.201708311556/tools/compiler/bin/../lib/gcc/arm-none-eabi/6.3.1/../../../../arm-none-eabi/lib/thumb/v7-m/libc_nano.a(lib_a-memset.o)
                0x000000000800c9d2                memset
 .text._calloc_r
                0x000000000800c9e2       0x1c /home/user/Ac6/SystemWorkbench/plugins/fr.ac6.mcu.externaltools.arm-none.linux64_1.15.0.201708311556/tools/compiler/bin/../lib/gcc/arm-none-eabi/6.3.1/../../../../arm-none-eabi/lib/thumb/v7-m/libc_nano.a(lib_a-nano-callocr.o)
                0x000000000800c9e2                _calloc_r
 *fill*         0x000000000800c9fe        0x2 
 .text._free_r  0x000000000800ca00       0x98 /home/user/Ac6/SystemWorkbench/plugins/fr.ac6.mcu.externaltools.arm-none.linux64_1.15.0.201708311556/tools/compiler/bin/../lib/gcc/arm-none-eabi/6.3.1/../../../../arm-none-eabi/lib/thumb/v7-m/libc_nano.a(lib_a-nano-freer.o)
                0x000000000800ca00                _free_r
 .text._malloc_r
                0x000000000800ca98       0xbc /home/user/Ac6/SystemWorkbench/plugins/fr.ac6.mcu.externaltools.arm-none.linux64_1.15.0.201708311556/tools/compiler/bin/../lib/gcc/arm-none-eabi/6.3.1/../../../../arm-none-eabi/lib/thumb/v7-m/libc_nano.a(lib_a-nano-mallocr.o)
                0x000000000800ca98                _malloc_r
 .text.realloc  0x000000000800cb54       0x10 /home/user/Ac6/SystemWorkbench/plugins/fr.ac6.mcu.externaltools.arm-none.linux64_1.15.0.201708311556/tools/compiler/bin/../lib/gcc/arm-none-eabi/6.3.1/../../../../arm-none-eabi/lib/thumb/v7-m/libc_nano.a(lib_a-realloc.o)
                0x000000000800cb54                realloc
 .text._sbrk_r  0x000000000800cb64       0x20 /home/user/Ac6/SystemWorkbench/plugins/fr.ac6.mcu.externaltools.arm-none.linux64_1.15.0.201708311556/tools/compiler/bin/../lib/gcc/arm-none-eabi/6.3.1/../../../../arm-none-eabi/lib/thumb/v7-m/libc_nano.a(lib_a-sbrkr.o)
                0x000000000800cb64                _sbrk_r
 .text.strncat  0x000000000800cb84       0x28 /home/user/Ac6/SystemWorkbench/plugins/fr.ac6.mcu.externaltools.arm-none.linux64_1.15.0.201708311556/tools/compiler/bin/../lib/gcc/arm-none-eabi/6.3.1/../../../../arm-none-eabi/lib/thumb/v7-m/libc_nano.a(lib_a-strncat.o)
                0x000000000800cb84                strncat
 .text.strncmp  0x000000000800cbac       0x24 /home/user/Ac6/SystemWorkbench/plugins/fr.ac6.mcu.externaltools.arm-none.linux64_1.15.0.201708311556/tools/compiler/bin/../lib/gcc/arm-none-eabi/6.3.1/../../../../arm-none-eabi/lib/thumb/v7-m/libc_nano.a(lib_a-strncmp.o)
                0x000000000800cbac                strncmp
 .text.strncpy  0x000000000800cbd0       0x2a /home/user/Ac6/SystemWorkbench/plugins/fr.ac6.mcu.externaltools.arm-none.linux64_1.15.0.201708311556/tools/compiler/bin/../lib/gcc/arm-none-eabi/6.3.1/../../../../arm-none-eabi/lib/thumb/v7-m/libc_nano.a(lib_a-strncpy.o)
                0x000000000800cbd0                strncpy
 *fill*         0x000000000800cbfa        0x2 
 .text.strtok   0x000000000800cbfc       0x54 /home/user/Ac6/SystemWorkbench/plugins/fr.ac6.mcu.externaltools.arm-none.linux64_1.15.0.201708311556/tools/compiler/bin/../lib/gcc/arm-none-eabi/6.3.1/../../../../arm-none-eabi/lib/thumb/v7-m/libc_nano.a(lib_a-strtok.o)
                0x000000000800cbfc                strtok
 .text.__strtok_r
                0x000000000800cc50       0x52 /home/user/Ac6/SystemWorkbench/plugins/fr.ac6.mcu.externaltools.arm-none.linux64_1.15.0.201708311556/tools/compiler/bin/../lib/gcc/arm-none-eabi/6.3.1/../../../../arm-none-eabi/lib/thumb/v7-m/libc_nano.a(lib_a-strtok_r.o)
                0x000000000800cc50                __strtok_r
 .text.__malloc_lock
                0x000000000800cca2        0x2 /home/user/Ac6/SystemWorkbench/plugins/fr.ac6.mcu.externaltools.arm-none.linux64_1.15.0.201708311556/tools/compiler/bin/../lib/gcc/arm-none-eabi/6.3.1/../../../../arm-none-eabi/lib/thumb/v7-m/libc_nano.a(lib_a-mlock.o)
                0x000000000800cca2                __malloc_lock
 .text.__malloc_unlock
                0x000000000800cca4        0x2 /home/user/Ac6/SystemWorkbench/plugins/fr.ac6.mcu.externaltools.arm-none.linux64_1.15.0.201708311556/tools/compiler/bin/../lib/gcc/arm-none-eabi/6.3.1/../../../../arm-none-eabi/lib/thumb/v7-m/libc_nano.a(lib_a-mlock.o)
                0x000000000800cca4                __malloc_unlock
 .text._realloc_r
                0x000000000800cca6       0x4c /home/user/Ac6/SystemWorkbench/plugins/fr.ac6.mcu.externaltools.arm-none.linux64_1.15.0.201708311556/tools/compiler/bin/../lib/gcc/arm-none-eabi/6.3.1/../../../../arm-none-eabi/lib/thumb/v7-m/libc_nano.a(lib_a-nano-reallocr.o)
                0x000000000800cca6                _realloc_r
 .text._malloc_usable_size_r
                0x000000000800ccf2       0x12 /home/user/Ac6/SystemWorkbench/plugins/fr.ac6.mcu.externaltools.arm-none.linux64_1.15.0.201708311556/tools/compiler/bin/../lib/gcc/arm-none-eabi/6.3.1/../../../../arm-none-eabi/lib/thumb/v7-m/libc_nano.a(lib_a-nano-msizer.o)
                0x000000000800ccf2                _malloc_usable_size_r
 .text._sbrk    0x000000000800cd04       0x1c /home/user/Ac6/SystemWorkbench/plugins/fr.ac6.mcu.externaltools.arm-none.linux64_1.15.0.201708311556/tools/compiler/bin/../lib/gcc/arm-none-eabi/6.3.1/../../../../arm-none-eabi/lib/thumb/v7-m/libnosys.a(sbrk.o)
                0x000000000800cd04                _sbrk
 *(.glue_7)
 .glue_7        0x000000000800cd20        0x0 linker stubs
 *(.glue_7t)
 .glue_7t       0x000000000800cd20        0x0 linker stubs
 *(.eh_frame)
 .eh_frame      0x000000000800cd20        0x0 /home/user/Ac6/SystemWorkbench/plugins/fr.ac6.mcu.externaltools.arm-none.linux64_1.15.0.201708311556/tools/compiler/bin/../lib/gcc/arm-none-eabi/6.3.1/thumb/v7-m/crtbegin.o
 *(.init)
 .init          0x000000000800cd20        0x4 /home/user/Ac6/SystemWorkbench/plugins/fr.ac6.mcu.externaltools.arm-none.linux64_1.15.0.201708311556/tools/compiler/bin/../lib/gcc/arm-none-eabi/6.3.1/thumb/v7-m/crti.o
                0x000000000800cd20                _init
 .init          0x000000000800cd24        0x8 /home/user/Ac6/SystemWorkbench/plugins/fr.ac6.mcu.externaltools.arm-none.linux64_1.15.0.201708311556/tools/compiler/bin/../lib/gcc/arm-none-eabi/6.3.1/thumb/v7-m/crtn.o
 *(.fini)
 .fini          0x000000000800cd2c        0x4 /home/user/Ac6/SystemWorkbench/plugins/fr.ac6.mcu.externaltools.arm-none.linux64_1.15.0.201708311556/tools/compiler/bin/../lib/gcc/arm-none-eabi/6.3.1/thumb/v7-m/crti.o
                0x000000000800cd2c                _fini
 .fini          0x000000000800cd30        0x8 /home/user/Ac6/SystemWorkbench/plugins/fr.ac6.mcu.externaltools.arm-none.linux64_1.15.0.201708311556/tools/compiler/bin/../lib/gcc/arm-none-eabi/6.3.1/thumb/v7-m/crtn.o
                0x000000000800cd38                . = ALIGN (0x4)
                0x000000000800cd38                _etext = .

.vfp11_veneer   0x000000000800cd38        0x0
 .vfp11_veneer  0x000000000800cd38        0x0 linker stubs

.v4_bx          0x000000000800cd38        0x0
 .v4_bx         0x000000000800cd38        0x0 linker stubs

.iplt           0x000000000800cd38        0x0
 .iplt          0x000000000800cd38        0x0 /home/user/Ac6/SystemWorkbench/plugins/fr.ac6.mcu.externaltools.arm-none.linux64_1.15.0.201708311556/tools/compiler/bin/../lib/gcc/arm-none-eabi/6.3.1/thumb/v7-m/crtbegin.o

.rodata         0x000000000800cd38     0x2aa0
                0x000000000800cd38                . = ALIGN (0x4)
 *(.rodata)
 .rodata        0x000000000800cd38       0x6a Drivers/1_Audio/STM32F10x_Speex_Lib/STM32/libspeex/filters.o
                0x000000000800cd78                shift_filt
 *fill*         0x000000000800cda2        0x2 
 .rodata        0x000000000800cda4      0x100 Drivers/1_Audio/STM32F10x_Speex_Lib/STM32/libspeex/ltp.o
 .rodata        0x000000000800cea4      0x118 Drivers/1_Audio/STM32F10x_Speex_Lib/STM32/libspeex/modes.o
                0x000000000800cea4                speex_nb_mode
 .rodata        0x000000000800cfbc       0xda Drivers/1_Audio/STM32F10x_Speex_Lib/STM32/libspeex/nb_celp.o
                0x000000000800cfbc                attenuation
                0x000000000800cfd0                ol_gain_table
                0x000000000800d050                exc_gain_quant_scal1_bound
                0x000000000800d054                exc_gain_quant_scal1
                0x000000000800d078                exc_gain_quant_scal3
                0x000000000800d088                exc_gain_quant_scal3_bound
 *fill*         0x000000000800d096        0x2 
 .rodata        0x000000000800d098      0x140 Drivers/1_Audio/STM32F10x_Speex_Lib/libspeex/exc_10_32_table.o
                0x000000000800d098                exc_10_32_table
 .rodata        0x000000000800d1d8       0x80 Drivers/1_Audio/STM32F10x_Speex_Lib/libspeex/gain_table_lbr.o
                0x000000000800d1d8                gain_cdbk_lbr
 .rodata        0x000000000800d258      0x780 Drivers/1_Audio/STM32F10x_Speex_Lib/libspeex/lsp_tables_nb.o
                0x000000000800d258                cdbk_nb_high2
                0x000000000800d398                cdbk_nb_high1
                0x000000000800d4d8                cdbk_nb_low2
                0x000000000800d618                cdbk_nb_low1
                0x000000000800d758                cdbk_nb
 .rodata        0x000000000800d9d8      0x1a6 Drivers/1_Audio/STM32F10x_Speex_Lib/libspeex/window.o
                0x000000000800d9d8                lpc_window
                0x000000000800db68                lag_window
 *fill*         0x000000000800db7e        0x2 
 .rodata        0x000000000800db80        0x4 Drivers/2_LCD for STM32F103RET/tm_stm32_hd44780.o
 .rodata        0x000000000800db84      0xbf0 Drivers/3_LedMatrix/max7219.o
 .rodata        0x000000000800e774       0x12 Drivers/STM32F1xx_HAL_Driver/Src/stm32f1xx_hal_rcc.o
 *fill*         0x000000000800e786        0x2 
 .rodata        0x000000000800e788      0xbae Src/freertos.o
                0x000000000800e7b0                spx_voice2
                0x000000000800f334                spx_frames2
 *fill*         0x000000000800f336        0x2 
 .rodata        0x000000000800f338       0x18 Src/system_stm32f1xx.o
                0x000000000800f338                AHBPrescTable
                0x000000000800f348                APBPrescTable
 *(.rodata*)
 .rodata.str1.4
                0x000000000800f350        0xb Drivers/1_Audio/STM32F10x_Speex_Lib/STM32/libspeex/modes.o
 *fill*         0x000000000800f35b        0x1 
 .rodata.str1.4
                0x000000000800f35c       0xa7 Drivers/5_Update/conspeex.o
 *fill*         0x000000000800f403        0x1 
 .rodata.str1.4
                0x000000000800f404       0x3b Drivers/STM32F1xx_HAL_Driver/Src/stm32f1xx_hal_cortex.o
 *fill*         0x000000000800f43f        0x1 
 .rodata.str1.4
                0x000000000800f440       0x38 Drivers/STM32F1xx_HAL_Driver/Src/stm32f1xx_hal_dac.o
 .rodata.str1.4
                0x000000000800f478       0x38 Drivers/STM32F1xx_HAL_Driver/Src/stm32f1xx_hal_dma.o
 .rodata.str1.4
                0x000000000800f4b0       0x3a Drivers/STM32F1xx_HAL_Driver/Src/stm32f1xx_hal_flash.o
 *fill*         0x000000000800f4ea        0x2 
 .rodata.str1.4
                0x000000000800f4ec       0x39 Drivers/STM32F1xx_HAL_Driver/Src/stm32f1xx_hal_gpio.o
 *fill*         0x000000000800f525        0x3 
 .rodata.str1.4
                0x000000000800f528       0x38 Drivers/STM32F1xx_HAL_Driver/Src/stm32f1xx_hal_rcc.o
 .rodata.str1.4
                0x000000000800f560       0x38 Drivers/STM32F1xx_HAL_Driver/Src/stm32f1xx_hal_spi.o
 .rodata.str1.4
                0x000000000800f598       0x3b Drivers/STM32F1xx_HAL_Driver/Src/stm32f1xx_hal_spi_ex.o
 *fill*         0x000000000800f5d3        0x1 
 .rodata.str1.4
                0x000000000800f5d4       0x38 Drivers/STM32F1xx_HAL_Driver/Src/stm32f1xx_hal_tim.o
 .rodata.str1.4
                0x000000000800f60c       0x3b Drivers/STM32F1xx_HAL_Driver/Src/stm32f1xx_hal_tim_ex.o
 *fill*         0x000000000800f647        0x1 
 .rodata.str1.4
                0x000000000800f648       0x39 Drivers/STM32F1xx_HAL_Driver/Src/stm32f1xx_hal_uart.o
 *fill*         0x000000000800f681        0x3 
 .rodata.str1.4
                0x000000000800f684        0x5 Middlewares/Third_Party/FreeRTOS/Source/tasks.o
 *fill*         0x000000000800f689        0x3 
 .rodata.str1.4
                0x000000000800f68c        0xd Src/dac.o
 *fill*         0x000000000800f699        0x3 
 .rodata.str1.4
                0x000000000800f69c       0xfc Src/freertos.o
 .rodata.str1.4
                0x000000000800f798        0xe Src/main.o
 *fill*         0x000000000800f7a6        0x2 
 .rodata.str1.4
                0x000000000800f7a8        0xd Src/spi.o
 *fill*         0x000000000800f7b5        0x3 
 .rodata.str1.4
                0x000000000800f7b8        0xd Src/tim.o
 *fill*         0x000000000800f7c5        0x3 
 .rodata.str1.4
                0x000000000800f7c8       0x10 Src/usart.o
                                          0xf (size before relaxing)
                0x000000000800f7d8                . = ALIGN (0x4)

.rel.dyn        0x000000000800f7d8        0x0
 .rel.iplt      0x000000000800f7d8        0x0 /home/user/Ac6/SystemWorkbench/plugins/fr.ac6.mcu.externaltools.arm-none.linux64_1.15.0.201708311556/tools/compiler/bin/../lib/gcc/arm-none-eabi/6.3.1/thumb/v7-m/crtbegin.o

.ARM.extab
 *(.ARM.extab* .gnu.linkonce.armextab.*)

.ARM            0x000000000800f7d8        0x0
                0x000000000800f7d8                __exidx_start = .
 *(.ARM.exidx*)
                0x000000000800f7d8                __exidx_end = .

.preinit_array  0x000000000800f7d8        0x0
                0x000000000800f7d8                PROVIDE (__preinit_array_start, .)
 *(.preinit_array*)
                0x000000000800f7d8                PROVIDE (__preinit_array_end, .)

.init_array     0x000000000800f7d8        0x4
                0x000000000800f7d8                PROVIDE (__init_array_start, .)
 *(SORT(.init_array.*))
 *(.init_array*)
 .init_array    0x000000000800f7d8        0x4 /home/user/Ac6/SystemWorkbench/plugins/fr.ac6.mcu.externaltools.arm-none.linux64_1.15.0.201708311556/tools/compiler/bin/../lib/gcc/arm-none-eabi/6.3.1/thumb/v7-m/crtbegin.o
                0x000000000800f7dc                PROVIDE (__init_array_end, .)

.fini_array     0x000000000800f7dc        0x4
                [!provide]                        PROVIDE (__fini_array_start, .)
 *(SORT(.fini_array.*))
 *(.fini_array*)
 .fini_array    0x000000000800f7dc        0x4 /home/user/Ac6/SystemWorkbench/plugins/fr.ac6.mcu.externaltools.arm-none.linux64_1.15.0.201708311556/tools/compiler/bin/../lib/gcc/arm-none-eabi/6.3.1/thumb/v7-m/crtbegin.o
                [!provide]                        PROVIDE (__fini_array_end, .)
                0x000000000800f7e0                _sidata = LOADADDR (.data)

.data           0x0000000020000000       0x8c load address 0x000000000800f7e0
                0x0000000020000000                . = ALIGN (0x4)
                0x0000000020000000                _sdata = .
 *(.data)
 .data          0x0000000020000000       0x10 Drivers/1_Audio/audio.o
                0x0000000020000000                enh
                0x0000000020000004                outBuff
                0x0000000020000008                complexity
                0x000000002000000c                quality
 .data          0x0000000020000010       0x10 Drivers/3_LedMatrix/max7219.o
                0x0000000020000010                max7219DigitRegisters
 .data          0x0000000020000020        0x4 Middlewares/Third_Party/FreeRTOS/Source/portable/GCC/ARM_CM3/port.o
 .data          0x0000000020000024        0x4 Src/system_stm32f1xx.o
                0x0000000020000024                SystemCoreClock
 *(.data*)
 .data._impure_ptr
                0x0000000020000028        0x4 /home/user/Ac6/SystemWorkbench/plugins/fr.ac6.mcu.externaltools.arm-none.linux64_1.15.0.201708311556/tools/compiler/bin/../lib/gcc/arm-none-eabi/6.3.1/../../../../arm-none-eabi/lib/thumb/v7-m/libc_nano.a(lib_a-impure.o)
                0x0000000020000028                _impure_ptr
 .data.impure_data
                0x000000002000002c       0x60 /home/user/Ac6/SystemWorkbench/plugins/fr.ac6.mcu.externaltools.arm-none.linux64_1.15.0.201708311556/tools/compiler/bin/../lib/gcc/arm-none-eabi/6.3.1/../../../../arm-none-eabi/lib/thumb/v7-m/libc_nano.a(lib_a-impure.o)
                0x000000002000008c                . = ALIGN (0x4)
                0x000000002000008c                _edata = .

.jcr            0x000000002000008c        0x0 load address 0x000000000800f86c
 .jcr           0x000000002000008c        0x0 /home/user/Ac6/SystemWorkbench/plugins/fr.ac6.mcu.externaltools.arm-none.linux64_1.15.0.201708311556/tools/compiler/bin/../lib/gcc/arm-none-eabi/6.3.1/thumb/v7-m/crtbegin.o

.igot.plt       0x000000002000008c        0x0 load address 0x000000000800f86c
 .igot.plt      0x000000002000008c        0x0 /home/user/Ac6/SystemWorkbench/plugins/fr.ac6.mcu.externaltools.arm-none.linux64_1.15.0.201708311556/tools/compiler/bin/../lib/gcc/arm-none-eabi/6.3.1/thumb/v7-m/crtbegin.o
                0x000000002000008c                . = ALIGN (0x4)

.bss            0x0000000020000090     0x2788 load address 0x000000000800f86c
                0x0000000020000090                _sbss = .
                0x0000000020000090                __bss_start__ = _sbss
 *(.bss)
 .bss           0x0000000020000090       0x1c /home/user/Ac6/SystemWorkbench/plugins/fr.ac6.mcu.externaltools.arm-none.linux64_1.15.0.201708311556/tools/compiler/bin/../lib/gcc/arm-none-eabi/6.3.1/thumb/v7-m/crtbegin.o
 .bss           0x00000000200000ac        0x7 Drivers/2_LCD for STM32F103RET/tm_stm32_hd44780.o
 .bss           0x00000000200000b3        0x2 Drivers/6_OtherFunctions/otherFunctions.o
                0x00000000200000b3                firstErase
                0x00000000200000b4                pageNum
 *fill*         0x00000000200000b5        0x3 
 .bss           0x00000000200000b8      0x12c Middlewares/Third_Party/FreeRTOS/Source/tasks.o
                0x00000000200001b8                pxCurrentTCB
 .bss           0x00000000200001e4        0x8 Middlewares/Third_Party/FreeRTOS/Source/portable/GCC/ARM_CM3/port.o
 .bss           0x00000000200001ec     0x2008 Middlewares/Third_Party/FreeRTOS/Source/portable/MemMang/heap_1.o
 .bss           0x00000000200021f4        0x1 Src/main.o
                0x00000000200021f4                playSound
 *fill*         0x00000000200021f5        0x3 
 .bss           0x00000000200021f8        0x8 Src/stm32f1xx_it.o
                0x00000000200021fc                i
 *(.bss*)
 .bss.__malloc_free_list
                0x0000000020002200        0x4 /home/user/Ac6/SystemWorkbench/plugins/fr.ac6.mcu.externaltools.arm-none.linux64_1.15.0.201708311556/tools/compiler/bin/../lib/gcc/arm-none-eabi/6.3.1/../../../../arm-none-eabi/lib/thumb/v7-m/libc_nano.a(lib_a-nano-mallocr.o)
                0x0000000020002200                __malloc_free_list
 .bss.__malloc_sbrk_start
                0x0000000020002204        0x4 /home/user/Ac6/SystemWorkbench/plugins/fr.ac6.mcu.externaltools.arm-none.linux64_1.15.0.201708311556/tools/compiler/bin/../lib/gcc/arm-none-eabi/6.3.1/../../../../arm-none-eabi/lib/thumb/v7-m/libc_nano.a(lib_a-nano-mallocr.o)
                0x0000000020002204                __malloc_sbrk_start
 .bss.heap_end.4116
                0x0000000020002208        0x4 /home/user/Ac6/SystemWorkbench/plugins/fr.ac6.mcu.externaltools.arm-none.linux64_1.15.0.201708311556/tools/compiler/bin/../lib/gcc/arm-none-eabi/6.3.1/../../../../arm-none-eabi/lib/thumb/v7-m/libnosys.a(sbrk.o)
 *(COMMON)
 COMMON         0x000000002000220c      0x2c4 Drivers/1_Audio/audio.o
                0x000000002000220c                encState
                0x0000000020002210                bits
                0x0000000020002234                decState
                0x0000000020002238                outBuffer
                0x00000000200024b8                nbFrames
                0x00000000200024ba                startDecoding
                0x00000000200024bc                inputBytes
 COMMON         0x00000000200024d0      0x102 Drivers/4_WS2812B/ws2812b.o
                0x00000000200024d0                LED_BYTE_Buffer
 COMMON         0x00000000200025d2        0x4 Drivers/6_OtherFunctions/otherFunctions.o
                0x00000000200025d2                textRecCount
                0x00000000200025d4                allDataSize
 *fill*         0x00000000200025d6        0x2 
 COMMON         0x00000000200025d8        0x4 Drivers/STM32F1xx_HAL_Driver/Src/stm32f1xx_hal.o
                0x00000000200025d8                uwTick
 *fill*         0x00000000200025dc        0x4 
 COMMON         0x00000000200025e0       0x20 Drivers/STM32F1xx_HAL_Driver/Src/stm32f1xx_hal_flash.o
                0x00000000200025e0                pFlash
 COMMON         0x0000000020002600       0x14 Src/dac.o
                0x0000000020002600                hdac
 COMMON         0x0000000020002614       0x60 Src/freertos.o
                0x0000000020002614                uartRxQueueHandle
                0x0000000020002618                RGBws2812bHandle
                0x000000002000261c                uartRxBinarySemHandle
                0x0000000020002620                rxByte
                0x0000000020002624                AudioMessageHandle
                0x0000000020002628                LEDmatrixHandle
                0x000000002000262c                LCDTaskHandle
                0x0000000020002630                dataBuffer
                0x000000002000266c                USARTHandle
                0x0000000020002670                ButtonHandle
 COMMON         0x0000000020002674        0x1 Src/main.o
                0x0000000020002674                systemMode
 *fill*         0x0000000020002675        0x3 
 COMMON         0x0000000020002678       0x58 Src/spi.o
                0x0000000020002678                hspi2
 COMMON         0x00000000200026d0       0x40 Src/stm32f1xx_hal_timebase_TIM.o
                0x00000000200026d0                htim2
 COMMON         0x0000000020002710       0xc4 Src/tim.o
                0x0000000020002710                htim3
                0x0000000020002750                hdma_tim3_ch1_trig
                0x0000000020002794                htim6
 COMMON         0x00000000200027d4       0x40 Src/usart.o
                0x00000000200027d4                huart2
 COMMON         0x0000000020002814        0x4 /home/user/Ac6/SystemWorkbench/plugins/fr.ac6.mcu.externaltools.arm-none.linux64_1.15.0.201708311556/tools/compiler/bin/../lib/gcc/arm-none-eabi/6.3.1/../../../../arm-none-eabi/lib/thumb/v7-m/libc_nano.a(lib_a-reent.o)
                0x0000000020002814                errno
                0x0000000020002818                . = ALIGN (0x4)
                0x0000000020002818                _ebss = .
                0x0000000020002818                __bss_end__ = _ebss

._user_heap_stack
                0x0000000020002818     0x6000 load address 0x000000000800f86c
                0x0000000020002818                . = ALIGN (0x8)
                0x0000000020002818                PROVIDE (end, .)
                [!provide]                        PROVIDE (_end, .)
                0x0000000020004818                . = (. + _Min_Heap_Size)
 *fill*         0x0000000020002818     0x2000 
                0x0000000020008818                . = (. + _Min_Stack_Size)
 *fill*         0x0000000020004818     0x4000 
                0x0000000020008818                . = ALIGN (0x8)

/DISCARD/
 libc.a(*)
 libm.a(*)
 libgcc.a(*)

.ARM.attributes
                0x0000000000000000       0x29
 *(.ARM.attributes)
 .ARM.attributes
                0x0000000000000000       0x1d /home/user/Ac6/SystemWorkbench/plugins/fr.ac6.mcu.externaltools.arm-none.linux64_1.15.0.201708311556/tools/compiler/bin/../lib/gcc/arm-none-eabi/6.3.1/thumb/v7-m/crti.o
 .ARM.attributes
                0x000000000000001d       0x2d /home/user/Ac6/SystemWorkbench/plugins/fr.ac6.mcu.externaltools.arm-none.linux64_1.15.0.201708311556/tools/compiler/bin/../lib/gcc/arm-none-eabi/6.3.1/thumb/v7-m/crtbegin.o
 .ARM.attributes
                0x000000000000004a       0x33 Drivers/1_Audio/STM32F10x_Speex_Lib/STM32/libspeex/cb_search.o
 .ARM.attributes
                0x000000000000007d       0x33 Drivers/1_Audio/STM32F10x_Speex_Lib/STM32/libspeex/filters.o
 .ARM.attributes
                0x00000000000000b0       0x33 Drivers/1_Audio/STM32F10x_Speex_Lib/STM32/libspeex/ltp.o
 .ARM.attributes
                0x00000000000000e3       0x33 Drivers/1_Audio/STM32F10x_Speex_Lib/STM32/libspeex/modes.o
 .ARM.attributes
                0x0000000000000116       0x33 Drivers/1_Audio/STM32F10x_Speex_Lib/STM32/libspeex/nb_celp.o
 .ARM.attributes
                0x0000000000000149       0x33 Drivers/1_Audio/STM32F10x_Speex_Lib/STM32/libspeex/quant_lsp.o
 .ARM.attributes
                0x000000000000017c       0x33 Drivers/1_Audio/STM32F10x_Speex_Lib/STM32/libspeex/vq.o
 .ARM.attributes
                0x00000000000001af       0x21 Drivers/1_Audio/STM32F10x_Speex_Lib/STM32/libspeex/gcc/filters_cortexM3.o
 .ARM.attributes
                0x00000000000001d0       0x21 Drivers/1_Audio/STM32F10x_Speex_Lib/STM32/libspeex/gcc/ltp_cortexM3.o
 .ARM.attributes
                0x00000000000001f1       0x21 Drivers/1_Audio/STM32F10x_Speex_Lib/STM32/libspeex/gcc/vq_cortexm3.o
 .ARM.attributes
                0x0000000000000212       0x33 Drivers/1_Audio/STM32F10x_Speex_Lib/libspeex/bits.o
 .ARM.attributes
                0x0000000000000245       0x33 Drivers/1_Audio/STM32F10x_Speex_Lib/libspeex/exc_10_32_table.o
 .ARM.attributes
                0x0000000000000278       0x33 Drivers/1_Audio/STM32F10x_Speex_Lib/libspeex/gain_table_lbr.o
 .ARM.attributes
                0x00000000000002ab       0x33 Drivers/1_Audio/STM32F10x_Speex_Lib/libspeex/lpc.o
 .ARM.attributes
                0x00000000000002de       0x33 Drivers/1_Audio/STM32F10x_Speex_Lib/libspeex/lsp.o
 .ARM.attributes
                0x0000000000000311       0x33 Drivers/1_Audio/STM32F10x_Speex_Lib/libspeex/lsp_tables_nb.o
 .ARM.attributes
                0x0000000000000344       0x33 Drivers/1_Audio/STM32F10x_Speex_Lib/libspeex/speex.o
 .ARM.attributes
                0x0000000000000377       0x33 Drivers/1_Audio/STM32F10x_Speex_Lib/libspeex/speex_callbacks.o
 .ARM.attributes
                0x00000000000003aa       0x33 Drivers/1_Audio/STM32F10x_Speex_Lib/libspeex/window.o
 .ARM.attributes
                0x00000000000003dd       0x33 Drivers/1_Audio/audio.o
 .ARM.attributes
                0x0000000000000410       0x33 Drivers/2_LCD for STM32F103RET/tm_stm32_hd44780.o
 .ARM.attributes
                0x0000000000000443       0x33 Drivers/3_LedMatrix/max7219.o
 .ARM.attributes
                0x0000000000000476       0x33 Drivers/4_WS2812B/ws2812b.o
 .ARM.attributes
                0x00000000000004a9       0x33 Drivers/5_Update/conspeex.o
 .ARM.attributes
                0x00000000000004dc       0x33 Drivers/6_OtherFunctions/otherFunctions.o
 .ARM.attributes
                0x000000000000050f       0x33 Drivers/STM32F1xx_HAL_Driver/Src/stm32f1xx_hal.o
 .ARM.attributes
                0x0000000000000542       0x33 Drivers/STM32F1xx_HAL_Driver/Src/stm32f1xx_hal_cortex.o
 .ARM.attributes
                0x0000000000000575       0x33 Drivers/STM32F1xx_HAL_Driver/Src/stm32f1xx_hal_dac.o
 .ARM.attributes
                0x00000000000005a8       0x33 Drivers/STM32F1xx_HAL_Driver/Src/stm32f1xx_hal_dma.o
 .ARM.attributes
                0x00000000000005db       0x33 Drivers/STM32F1xx_HAL_Driver/Src/stm32f1xx_hal_flash.o
 .ARM.attributes
                0x000000000000060e       0x33 Drivers/STM32F1xx_HAL_Driver/Src/stm32f1xx_hal_flash_ex.o
 .ARM.attributes
                0x0000000000000641       0x33 Drivers/STM32F1xx_HAL_Driver/Src/stm32f1xx_hal_gpio.o
 .ARM.attributes
                0x0000000000000674       0x33 Drivers/STM32F1xx_HAL_Driver/Src/stm32f1xx_hal_rcc.o
 .ARM.attributes
                0x00000000000006a7       0x33 Drivers/STM32F1xx_HAL_Driver/Src/stm32f1xx_hal_spi.o
 .ARM.attributes
                0x00000000000006da       0x33 Drivers/STM32F1xx_HAL_Driver/Src/stm32f1xx_hal_spi_ex.o
 .ARM.attributes
                0x000000000000070d       0x33 Drivers/STM32F1xx_HAL_Driver/Src/stm32f1xx_hal_tim.o
 .ARM.attributes
                0x0000000000000740       0x33 Drivers/STM32F1xx_HAL_Driver/Src/stm32f1xx_hal_tim_ex.o
 .ARM.attributes
                0x0000000000000773       0x33 Drivers/STM32F1xx_HAL_Driver/Src/stm32f1xx_hal_uart.o
 .ARM.attributes
                0x00000000000007a6       0x33 Middlewares/Third_Party/FreeRTOS/Source/CMSIS_RTOS/cmsis_os.o
 .ARM.attributes
                0x00000000000007d9       0x33 Middlewares/Third_Party/FreeRTOS/Source/list.o
 .ARM.attributes
                0x000000000000080c       0x33 Middlewares/Third_Party/FreeRTOS/Source/queue.o
 .ARM.attributes
                0x000000000000083f       0x33 Middlewares/Third_Party/FreeRTOS/Source/tasks.o
 .ARM.attributes
                0x0000000000000872       0x33 Middlewares/Third_Party/FreeRTOS/Source/portable/GCC/ARM_CM3/port.o
 .ARM.attributes
                0x00000000000008a5       0x33 Middlewares/Third_Party/FreeRTOS/Source/portable/MemMang/heap_1.o
 .ARM.attributes
                0x00000000000008d8       0x33 Src/dac.o
 .ARM.attributes
                0x000000000000090b       0x33 Src/dma.o
 .ARM.attributes
                0x000000000000093e       0x33 Src/freertos.o
 .ARM.attributes
                0x0000000000000971       0x33 Src/gpio.o
 .ARM.attributes
                0x00000000000009a4       0x33 Src/main.o
 .ARM.attributes
                0x00000000000009d7       0x33 Src/spi.o
 .ARM.attributes
                0x0000000000000a0a       0x33 Src/stm32f1xx_hal_msp.o
 .ARM.attributes
                0x0000000000000a3d       0x33 Src/stm32f1xx_hal_timebase_TIM.o
 .ARM.attributes
                0x0000000000000a70       0x33 Src/stm32f1xx_it.o
 .ARM.attributes
                0x0000000000000aa3       0x33 Src/system_stm32f1xx.o
 .ARM.attributes
                0x0000000000000ad6       0x33 Src/tim.o
 .ARM.attributes
                0x0000000000000b09       0x33 Src/usart.o
 .ARM.attributes
                0x0000000000000b3c       0x21 startup/startup_stm32f103xe.o
 .ARM.attributes
                0x0000000000000b5d       0x2d /home/user/Ac6/SystemWorkbench/plugins/fr.ac6.mcu.externaltools.arm-none.linux64_1.15.0.201708311556/tools/compiler/bin/../lib/gcc/arm-none-eabi/6.3.1/../../../../arm-none-eabi/lib/thumb/v7-m/libc_nano.a(lib_a-calloc.o)
 .ARM.attributes